Archive member included to satisfy reference by file (symbol)

c:/st/stm32cubeide_1.11.2/stm32cubeide/plugins/com.st.stm32cube.ide.mcu.externaltools.gnu-tools-for-stm32.10.3-2021.10.win32_1.0.100.202210260954/tools/bin/../lib/gcc/arm-none-eabi/10.3.1/../../../../arm-none-eabi/lib/thumb/v7-m/nofp\libstdc++_nano.a(del_ops.o)
                              ./Core/Src/main.o (operator delete(void*, unsigned int))
c:/st/stm32cubeide_1.11.2/stm32cubeide/plugins/com.st.stm32cube.ide.mcu.externaltools.gnu-tools-for-stm32.10.3-2021.10.win32_1.0.100.202210260954/tools/bin/../lib/gcc/arm-none-eabi/10.3.1/../../../../arm-none-eabi/lib/thumb/v7-m/nofp\libstdc++_nano.a(guard.o)
                              ./Terminal/terminal.o (__cxa_guard_acquire)
c:/st/stm32cubeide_1.11.2/stm32cubeide/plugins/com.st.stm32cube.ide.mcu.externaltools.gnu-tools-for-stm32.10.3-2021.10.win32_1.0.100.202210260954/tools/bin/../lib/gcc/arm-none-eabi/10.3.1/../../../../arm-none-eabi/lib/thumb/v7-m/nofp\libstdc++_nano.a(new_op.o)
                              ./INA219/ina219.o (operator new(unsigned int))
c:/st/stm32cubeide_1.11.2/stm32cubeide/plugins/com.st.stm32cube.ide.mcu.externaltools.gnu-tools-for-stm32.10.3-2021.10.win32_1.0.100.202210260954/tools/bin/../lib/gcc/arm-none-eabi/10.3.1/../../../../arm-none-eabi/lib/thumb/v7-m/nofp\libstdc++_nano.a(functexcept.o)
                              ./INA219/ina219.o (std::__throw_bad_alloc())
c:/st/stm32cubeide_1.11.2/stm32cubeide/plugins/com.st.stm32cube.ide.mcu.externaltools.gnu-tools-for-stm32.10.3-2021.10.win32_1.0.100.202210260954/tools/bin/../lib/gcc/arm-none-eabi/10.3.1/../../../../arm-none-eabi/lib/thumb/v7-m/nofp\libstdc++_nano.a(snprintf_lite.o)
                              c:/st/stm32cubeide_1.11.2/stm32cubeide/plugins/com.st.stm32cube.ide.mcu.externaltools.gnu-tools-for-stm32.10.3-2021.10.win32_1.0.100.202210260954/tools/bin/../lib/gcc/arm-none-eabi/10.3.1/../../../../arm-none-eabi/lib/thumb/v7-m/nofp\libstdc++_nano.a(functexcept.o) (__gnu_cxx::__snprintf_lite(char*, unsigned int, char const*, std::__va_list))
c:/st/stm32cubeide_1.11.2/stm32cubeide/plugins/com.st.stm32cube.ide.mcu.externaltools.gnu-tools-for-stm32.10.3-2021.10.win32_1.0.100.202210260954/tools/bin/../lib/gcc/arm-none-eabi/10.3.1/../../../../arm-none-eabi/lib/thumb/v7-m/nofp\libstdc++_nano.a(del_op.o)
                              c:/st/stm32cubeide_1.11.2/stm32cubeide/plugins/com.st.stm32cube.ide.mcu.externaltools.gnu-tools-for-stm32.10.3-2021.10.win32_1.0.100.202210260954/tools/bin/../lib/gcc/arm-none-eabi/10.3.1/../../../../arm-none-eabi/lib/thumb/v7-m/nofp\libstdc++_nano.a(del_ops.o) (operator delete(void*))
c:/st/stm32cubeide_1.11.2/stm32cubeide/plugins/com.st.stm32cube.ide.mcu.externaltools.gnu-tools-for-stm32.10.3-2021.10.win32_1.0.100.202210260954/tools/bin/../lib/gcc/arm-none-eabi/10.3.1/../../../../arm-none-eabi/lib/thumb/v7-m/nofp\libstdc++_nano.a(new_handler.o)
                              c:/st/stm32cubeide_1.11.2/stm32cubeide/plugins/com.st.stm32cube.ide.mcu.externaltools.gnu-tools-for-stm32.10.3-2021.10.win32_1.0.100.202210260954/tools/bin/../lib/gcc/arm-none-eabi/10.3.1/../../../../arm-none-eabi/lib/thumb/v7-m/nofp\libstdc++_nano.a(new_op.o) (std::get_new_handler())
c:/st/stm32cubeide_1.11.2/stm32cubeide/plugins/com.st.stm32cube.ide.mcu.externaltools.gnu-tools-for-stm32.10.3-2021.10.win32_1.0.100.202210260954/tools/bin/../lib/gcc/arm-none-eabi/10.3.1/../../../../arm-none-eabi/lib/thumb/v7-m/nofp\libc.a(lib_a-abort.o)
                              c:/st/stm32cubeide_1.11.2/stm32cubeide/plugins/com.st.stm32cube.ide.mcu.externaltools.gnu-tools-for-stm32.10.3-2021.10.win32_1.0.100.202210260954/tools/bin/../lib/gcc/arm-none-eabi/10.3.1/../../../../arm-none-eabi/lib/thumb/v7-m/nofp\libstdc++_nano.a(new_op.o) (abort)
c:/st/stm32cubeide_1.11.2/stm32cubeide/plugins/com.st.stm32cube.ide.mcu.externaltools.gnu-tools-for-stm32.10.3-2021.10.win32_1.0.100.202210260954/tools/bin/../lib/gcc/arm-none-eabi/10.3.1/../../../../arm-none-eabi/lib/thumb/v7-m/nofp\libc.a(lib_a-atexit.o)
                              ./Terminal/terminal.o (atexit)
c:/st/stm32cubeide_1.11.2/stm32cubeide/plugins/com.st.stm32cube.ide.mcu.externaltools.gnu-tools-for-stm32.10.3-2021.10.win32_1.0.100.202210260954/tools/bin/../lib/gcc/arm-none-eabi/10.3.1/../../../../arm-none-eabi/lib/thumb/v7-m/nofp\libc.a(lib_a-atoi.o)
                              ./INA219/ina219.o (atoi)
c:/st/stm32cubeide_1.11.2/stm32cubeide/plugins/com.st.stm32cube.ide.mcu.externaltools.gnu-tools-for-stm32.10.3-2021.10.win32_1.0.100.202210260954/tools/bin/../lib/gcc/arm-none-eabi/10.3.1/../../../../arm-none-eabi/lib/thumb/v7-m/nofp\libc.a(lib_a-errno.o)
                              ./Core/Src/syscalls.o (__errno)
c:/st/stm32cubeide_1.11.2/stm32cubeide/plugins/com.st.stm32cube.ide.mcu.externaltools.gnu-tools-for-stm32.10.3-2021.10.win32_1.0.100.202210260954/tools/bin/../lib/gcc/arm-none-eabi/10.3.1/../../../../arm-none-eabi/lib/thumb/v7-m/nofp\libc.a(lib_a-exit.o)
[...]
Memory Configuration

Name             Origin             Length             Attributes
RAM              0x0000000020000000 0x0000000000005000 xrw
FLASH            0x0000000008000000 0x0000000000010000 xr
*default*        0x0000000000000000 0xffffffffffffffff

Linker script and memory map

LOAD c:/st/stm32cubeide_1.11.2/stm32cubeide/plugins/com.st.stm32cube.ide.mcu.externaltools.gnu-tools-for-stm32.10.3-2021.10.win32_1.0.100.202210260954/tools/bin/../lib/gcc/arm-none-eabi/10.3.1/thumb/v7-m/nofp/crti.o
LOAD c:/st/stm32cubeide_1.11.2/stm32cubeide/plugins/com.st.stm32cube.ide.mcu.externaltools.gnu-tools-for-stm32.10.3-2021.10.win32_1.0.100.202210260954/tools/bin/../lib/gcc/arm-none-eabi/10.3.1/thumb/v7-m/nofp/crtbegin.o
LOAD c:/st/stm32cubeide_1.11.2/stm32cubeide/plugins/com.st.stm32cube.ide.mcu.externaltools.gnu-tools-for-stm32.10.3-2021.10.win32_1.0.100.202210260954/tools/bin/../lib/gcc/arm-none-eabi/10.3.1/../../../../arm-none-eabi/lib/thumb/v7-m/nofp/crt0.o
LOAD ./Core/Src/main.o
LOAD ./Core/Src/stm32f1xx_hal_msp.o
LOAD ./Core/Src/stm32f1xx_it.o
LOAD ./Core/Src/syscalls.o
LOAD ./Core/Src/sysmem.o
LOAD ./Core/Src/system_stm32f1xx.o
LOAD ./Core/Startup/startup_stm32f103c8tx.o
LOAD ./Drivers/STM32F1xx_HAL_Driver/Src/stm32f1xx_hal.o
LOAD ./Drivers/STM32F1xx_HAL_Driver/Src/stm32f1xx_hal_cortex.o
LOAD ./Drivers/STM32F1xx_HAL_Driver/Src/stm32f1xx_hal_dma.o
LOAD ./Drivers/STM32F1xx_HAL_Driver/Src/stm32f1xx_hal_exti.o
LOAD ./Drivers/STM32F1xx_HAL_Driver/Src/stm32f1xx_hal_flash.o
LOAD ./Drivers/STM32F1xx_HAL_Driver/Src/stm32f1xx_hal_flash_ex.o
LOAD ./Drivers/STM32F1xx_HAL_Driver/Src/stm32f1xx_hal_gpio.o
LOAD ./Drivers/STM32F1xx_HAL_Driver/Src/stm32f1xx_hal_gpio_ex.o
LOAD ./Drivers/STM32F1xx_HAL_Driver/Src/stm32f1xx_hal_i2c.o
LOAD ./Drivers/STM32F1xx_HAL_Driver/Src/stm32f1xx_hal_pwr.o
LOAD ./Drivers/STM32F1xx_HAL_Driver/Src/stm32f1xx_hal_rcc.o
LOAD ./Drivers/STM32F1xx_HAL_Driver/Src/stm32f1xx_hal_rcc_ex.o
LOAD ./Drivers/STM32F1xx_HAL_Driver/Src/stm32f1xx_hal_tim.o
LOAD ./Drivers/STM32F1xx_HAL_Driver/Src/stm32f1xx_hal_tim_ex.o
LOAD ./Drivers/STM32F1xx_HAL_Driver/Src/stm32f1xx_hal_uart.o
LOAD ./INA219/ina219.o
LOAD ./Terminal/terminal.o
START GROUP
LOAD c:/st/stm32cubeide_1.11.2/stm32cubeide/plugins/com.st.stm32cube.ide.mcu.externaltools.gnu-tools-for-stm32.10.3-2021.10.win32_1.0.100.202210260954/tools/bin/../lib/gcc/arm-none-eabi/10.3.1/../../../../arm-none-eabi/lib/thumb/v7-m/nofp\libstdc++_nano.a
LOAD c:/st/stm32cubeide_1.11.2/stm32cubeide/plugins/com.st.stm32cube.ide.mcu.externaltools.gnu-tools-for-stm32.10.3-2021.10.win32_1.0.100.202210260954/tools/bin/../lib/gcc/arm-none-eabi/10.3.1/../../../../arm-none-eabi/lib/thumb/v7-m/nofp\libsupc++_nano.a
END GROUP
LOAD c:/st/stm32cubeide_1.11.2/stm32cubeide/plugins/com.st.stm32cube.ide.mcu.externaltools.gnu-tools-for-stm32.10.3-2021.10.win32_1.0.100.202210260954/tools/bin/../lib/gcc/arm-none-eabi/10.3.1/../../../../arm-none-eabi/lib/thumb/v7-m/nofp\libstdc++_nano.a
LOAD c:/st/stm32cubeide_1.11.2/stm32cubeide/plugins/com.st.stm32cube.ide.mcu.externaltools.gnu-tools-for-stm32.10.3-2021.10.win32_1.0.100.202210260954/tools/bin/../lib/gcc/arm-none-eabi/10.3.1/../../../../arm-none-eabi/lib/thumb/v7-m/nofp\libm.a
LOAD c:/st/stm32cubeide_1.11.2/stm32cubeide/plugins/com.st.stm32cube.ide.mcu.externaltools.gnu-tools-for-stm32.10.3-2021.10.win32_1.0.100.202210260954/tools/bin/../lib/gcc/arm-none-eabi/10.3.1/../../../../arm-none-eabi/lib/thumb/v7-m/nofp\libc.a
START GROUP
LOAD c:/st/stm32cubeide_1.11.2/stm32cubeide/plugins/com.st.stm32cube.ide.mcu.externaltools.gnu-tools-for-stm32.10.3-2021.10.win32_1.0.100.202210260954/tools/bin/../lib/gcc/arm-none-eabi/10.3.1/thumb/v7-m/nofp\libgcc.a
LOAD c:/st/stm32cubeide_1.11.2/stm32cubeide/plugins/com.st.stm32cube.ide.mcu.externaltools.gnu-tools-for-stm32.10.3-2021.10.win32_1.0.100.202210260954/tools/bin/../lib/gcc/arm-none-eabi/10.3.1/../../../../arm-none-eabi/lib/thumb/v7-m/nofp\libc.a
END GROUP
START GROUP
LOAD c:/st/stm32cubeide_1.11.2/stm32cubeide/plugins/com.st.stm32cube.ide.mcu.externaltools.gnu-tools-for-stm32.10.3-2021.10.win32_1.0.100.202210260954/tools/bin/../lib/gcc/arm-none-eabi/10.3.1/thumb/v7-m/nofp\libgcc.a
LOAD c:/st/stm32cubeide_1.11.2/stm32cubeide/plugins/com.st.stm32cube.ide.mcu.externaltools.gnu-tools-for-stm32.10.3-2021.10.win32_1.0.100.202210260954/tools/bin/../lib/gcc/arm-none-eabi/10.3.1/../../../../arm-none-eabi/lib/thumb/v7-m/nofp\libc.a
LOAD c:/st/stm32cubeide_1.11.2/stm32cubeide/plugins/com.st.stm32cube.ide.mcu.externaltools.gnu-tools-for-stm32.10.3-2021.10.win32_1.0.100.202210260954/tools/bin/../lib/gcc/arm-none-eabi/10.3.1/../../../../arm-none-eabi/lib/thumb/v7-m/nofp\libnosys.a
END GROUP
START GROUP
LOAD c:/st/stm32cubeide_1.11.2/stm32cubeide/plugins/com.st.stm32cube.ide.mcu.externaltools.gnu-tools-for-stm32.10.3-2021.10.win32_1.0.100.202210260954/tools/bin/../lib/gcc/arm-none-eabi/10.3.1/thumb/v7-m/nofp\libgcc.a
LOAD c:/st/stm32cubeide_1.11.2/stm32cubeide/plugins/com.st.stm32cube.ide.mcu.externaltools.gnu-tools-for-stm32.10.3-2021.10.win32_1.0.100.202210260954/tools/bin/../lib/gcc/arm-none-eabi/10.3.1/../../../../arm-none-eabi/lib/thumb/v7-m/nofp\libc.a
LOAD c:/st/stm32cubeide_1.11.2/stm32cubeide/plugins/com.st.stm32cube.ide.mcu.externaltools.gnu-tools-for-stm32.10.3-2021.10.win32_1.0.100.202210260954/tools/bin/../lib/gcc/arm-none-eabi/10.3.1/../../../../arm-none-eabi/lib/thumb/v7-m/nofp\libnosys.a
END GROUP
LOAD c:/st/stm32cubeide_1.11.2/stm32cubeide/plugins/com.st.stm32cube.ide.mcu.externaltools.gnu-tools-for-stm32.10.3-2021.10.win32_1.0.100.202210260954/tools/bin/../lib/gcc/arm-none-eabi/10.3.1/thumb/v7-m/nofp/crtend.o
LOAD c:/st/stm32cubeide_1.11.2/stm32cubeide/plugins/com.st.stm32cube.ide.mcu.externaltools.gnu-tools-for-stm32.10.3-2021.10.win32_1.0.100.202210260954/tools/bin/../lib/gcc/arm-none-eabi/10.3.1/thumb/v7-m/nofp/crtn.o
                0x0000000020005000                _estack = (ORIGIN (RAM) + LENGTH (RAM))
                0x0000000000000200                _Min_Heap_Size = 0x200
                0x0000000000000400                _Min_Stack_Size = 0x400

.isr_vector     0x0000000008000000      0x10c
                0x0000000008000000                . = ALIGN (0x4)
 *(.isr_vector)
 .isr_vector    0x0000000008000000      0x10c ./Core/Startup/startup_stm32f103c8tx.o
                0x0000000008000000                g_pfnVectors
                0x000000000800010c                . = ALIGN (0x4)

.text           0x0000000008000110     0xed64
                0x0000000008000110                . = ALIGN (0x4)
 *(.text)
 .text          0x0000000008000110       0x40 c:/st/stm32cubeide_1.11.2/stm32cubeide/plugins/com.st.stm32cube.ide.mcu.externaltools.gnu-tools-for-stm32.10.3-2021.10.win32_1.0.100.202210260954/tools/bin/../lib/gcc/arm-none-eabi/10.3.1/thumb/v7-m/nofp/crtbegin.o
 .text          0x0000000008000150       0x10 c:/st/stm32cubeide_1.11.2/stm32cubeide/plugins/com.st.stm32cube.ide.mcu.externaltools.gnu-tools-for-stm32.10.3-2021.10.win32_1.0.100.202210260954/tools/bin/../lib/gcc/arm-none-eabi/10.3.1/../../../../arm-none-eabi/lib/thumb/v7-m/nofp\libc.a(lib_a-strlen.o)
                0x0000000008000150                strlen
 .text          0x0000000008000160      0x378 c:/st/stm32cubeide_1.11.2/stm32cubeide/plugins/com.st.stm32cube.ide.mcu.externaltools.gnu-tools-for-stm32.10.3-2021.10.win32_1.0.100.202210260954/tools/bin/../lib/gcc/arm-none-eabi/10.3.1/thumb/v7-m/nofp\libgcc.a(_arm_addsubdf3.o)
                0x0000000008000160                __aeabi_drsub
                0x0000000008000168                __aeabi_dsub
                0x0000000008000168                __subdf3
                0x000000000800016c                __aeabi_dadd
                0x000000000800016c                __adddf3
                0x00000000080003e4                __floatunsidf
                0x00000000080003e4                __aeabi_ui2d
                0x0000000008000404                __floatsidf
                0x0000000008000404                __aeabi_i2d
                0x0000000008000428                __aeabi_f2d
                0x0000000008000428                __extendsfdf2
                0x000000000800046c                __floatundidf
                0x000000000800046c                __aeabi_ul2d
                0x000000000800047c                __floatdidf
                0x000000000800047c                __aeabi_l2d
 .text          0x00000000080004d8      0x424 c:/st/stm32cubeide_1.11.2/stm32cubeide/plugins/com.st.stm32cube.ide.mcu.externaltools.gnu-tools-for-stm32.10.3-2021.10.win32_1.0.100.202210260954/tools/bin/../lib/gcc/arm-none-eabi/10.3.1/thumb/v7-m/nofp\libgcc.a(_arm_muldivdf3.o)
                0x00000000080004d8                __aeabi_dmul
                0x00000000080004d8                __muldf3
                0x000000000800072c                __divdf3
                0x000000000800072c                __aeabi_ddiv
 .text          0x00000000080008fc      0x110 c:/st/stm32cubeide_1.11.2/stm32cubeide/plugins/com.st.stm32cube.ide.mcu.externaltools.gnu-tools-for-stm32.10.3-2021.10.win32_1.0.100.202210260954/tools/bin/../lib/gcc/arm-none-eabi/10.3.1/thumb/v7-m/nofp\libgcc.a(_arm_cmpdf2.o)
                0x00000000080008fc                __gtdf2
                0x00000000080008fc                __gedf2
                0x0000000008000904                __ltdf2
                0x0000000008000904                __ledf2
                0x000000000800090c                __nedf2
                0x000000000800090c                __eqdf2
                0x000000000800090c                __cmpdf2
                0x0000000008000988                __aeabi_cdrcmple
                0x0000000008000998                __aeabi_cdcmpeq
                0x0000000008000998                __aeabi_cdcmple
                0x00000000080009a8                __aeabi_dcmpeq
                0x00000000080009bc                __aeabi_dcmplt
                0x00000000080009d0                __aeabi_dcmple
                0x00000000080009e4                __aeabi_dcmpge
                0x00000000080009f8                __aeabi_dcmpgt
 .text          0x0000000008000a0c       0x2c c:/st/stm32cubeide_1.11.2/stm32cubeide/plugins/com.st.stm32cube.ide.mcu.externaltools.gnu-tools-for-stm32.10.3-2021.10.win32_1.0.100.202210260954/tools/bin/../lib/gcc/arm-none-eabi/10.3.1/thumb/v7-m/nofp\libgcc.a(_arm_unorddf2.o)
                0x0000000008000a0c                __unorddf2
                0x0000000008000a0c                __aeabi_dcmpun
 .text          0x0000000008000a38       0x50 c:/st/stm32cubeide_1.11.2/stm32cubeide/plugins/com.st.stm32cube.ide.mcu.externaltools.gnu-tools-for-stm32.10.3-2021.10.win32_1.0.100.202210260954/tools/bin/../lib/gcc/arm-none-eabi/10.3.1/thumb/v7-m/nofp\libgcc.a(_arm_fixdfsi.o)
                0x0000000008000a38                __aeabi_d2iz
                0x0000000008000a38                __fixdfsi
 .text          0x0000000008000a88       0x30 c:/st/stm32cubeide_1.11.2/stm32cubeide/plugins/com.st.stm32cube.ide.mcu.externaltools.gnu-tools-for-stm32.10.3-2021.10.win32_1.0.100.202210260954/tools/bin/../lib/gcc/arm-none-eabi/10.3.1/thumb/v7-m/nofp\libgcc.a(_aeabi_uldivmod.o)
                0x0000000008000a88                __aeabi_uldivmod
 .text          0x0000000008000ab8      0x2d4 c:/st/stm32cubeide_1.11.2/stm32cubeide/plugins/com.st.stm32cube.ide.mcu.externaltools.gnu-tools-for-stm32.10.3-2021.10.win32_1.0.100.202210260954/tools/bin/../lib/gcc/arm-none-eabi/10.3.1/thumb/v7-m/nofp\libgcc.a(_udivmoddi4.o)
                0x0000000008000ab8                __udivmoddi4
 .text          0x0000000008000d8c        0x4 c:/st/stm32cubeide_1.11.2/stm32cubeide/plugins/com.st.stm32cube.ide.mcu.externaltools.gnu-tools-for-stm32.10.3-2021.10.win32_1.0.100.202210260954/tools/bin/../lib/gcc/arm-none-eabi/10.3.1/thumb/v7-m/nofp\libgcc.a(_dvmd_tls.o)
                0x0000000008000d8c                __aeabi_idiv0
                0x0000000008000d8c                __aeabi_ldiv0
 *(.text*)
 .text._ZSt16__deque_buf_sizej
                0x0000000008000d90       0x28 ./Core/Src/main.o
                0x0000000008000d90                std::__deque_buf_size(unsigned int)
 .text.main     0x0000000008000db8       0x60 ./Core/Src/main.o
                0x0000000008000db8                main
 .text._Z18SystemClock_Configv
                0x0000000008000e18       0x9e ./Core/Src/main.o
                0x0000000008000e18                SystemClock_Config()
 *fill*         0x0000000008000eb6        0x2 
 .text._ZL12MX_I2C1_Initv
                0x0000000008000eb8       0x68 ./Core/Src/main.o
 .text._ZL12MX_TIM1_Initv
                0x0000000008000f20       0xc4 ./Core/Src/main.o
 .text._ZL19MX_USART1_UART_Initv
                0x0000000008000fe4       0x5c ./Core/Src/main.o
 .text._ZL11MX_DMA_Initv
                0x0000000008001040       0x6c ./Core/Src/main.o
 .text._ZL12MX_GPIO_Initv
                0x00000000080010ac       0x5c ./Core/Src/main.o
 .text._Z13checkTerminalv
                0x0000000008001108       0x58 ./Core/Src/main.o
                0x0000000008001108                checkTerminal()
 .text._Z11checkINA219v
                0x0000000008001160       0x58 ./Core/Src/main.o
                0x0000000008001160                checkINA219()
 .text.HAL_I2C_MemTxCpltCallback
                0x00000000080011b8       0x1c ./Core/Src/main.o
                0x00000000080011b8                HAL_I2C_MemTxCpltCallback
 .text.HAL_I2C_ErrorCallback
                0x00000000080011d4       0x1c ./Core/Src/main.o
                0x00000000080011d4                HAL_I2C_ErrorCallback
 .text.HAL_UART_TxCpltCallback
                0x00000000080011f0       0x1c ./Core/Src/main.o
                0x00000000080011f0                HAL_UART_TxCpltCallback
 .text.HAL_UARTEx_RxEventCallback
                0x000000000800120c       0x28 ./Core/Src/main.o
                0x000000000800120c                HAL_UARTEx_RxEventCallback
 .text.Error_Handler
                0x0000000008001234        0xa ./Core/Src/main.o
                0x0000000008001234                Error_Handler
 .text._ZNKSt5dequeISt6vectorIhSaIhEESaIS2_EE4sizeEv
                0x000000000800123e       0x24 ./Core/Src/main.o
                0x000000000800123e                std::deque<std::vector<unsigned char, std::allocator<unsigned char> >, std::allocator<std::vector<unsigned char, std::allocator<unsigned char> > > >::size() const
 .text._ZNSt5dequeISt6vectorIhSaIhEESaIS2_EEixEj
                0x0000000008001262       0x22 ./Core/Src/main.o
                0x0000000008001262                std::deque<std::vector<unsigned char, std::allocator<unsigned char> >, std::allocator<std::vector<unsigned char, std::allocator<unsigned char> > > >::operator[](unsigned int)
 .text._ZNSt5dequeISt6vectorIhSaIhEESaIS2_EE9pop_frontEv
                0x0000000008001284       0x48 ./Core/Src/main.o
                0x0000000008001284                std::deque<std::vector<unsigned char, std::allocator<unsigned char> >, std::allocator<std::vector<unsigned char, std::allocator<unsigned char> > > >::pop_front()
 .text._ZStmiRKSt15_Deque_iteratorISt6vectorIhSaIhEERS2_PS2_ES7_
                0x00000000080012cc       0x58 ./Core/Src/main.o
                0x00000000080012cc                std::operator-(std::_Deque_iterator<std::vector<unsigned char, std::allocator<unsigned char> >, std::vector<unsigned char, std::allocator<unsigned char> >&, std::vector<unsigned char, std::allocator<unsigned char> >*> const&, std::_Deque_iterator<std::vector<unsigned char, std::allocator<unsigned char> >, std::vector<unsigned char, std::allocator<unsigned char> >&, std::vector<unsigned char, std::allocator<unsigned char> >*> const&)
 .text._ZNKSt15_Deque_iteratorISt6vectorIhSaIhEERS2_PS2_EixEi
                0x0000000008001324       0x2c ./Core/Src/main.o
                0x0000000008001324                std::_Deque_iterator<std::vector<unsigned char, std::allocator<unsigned char> >, std::vector<unsigned char, std::allocator<unsigned char> >&, std::vector<unsigned char, std::allocator<unsigned char> >*>::operator[](int) const
 .text._ZNSt11_Deque_baseISt6vectorIhSaIhEESaIS2_EE19_M_get_Tp_allocatorEv
                0x0000000008001350       0x14 ./Core/Src/main.o
                0x0000000008001350                std::_Deque_base<std::vector<unsigned char, std::allocator<unsigned char> >, std::allocator<std::vector<unsigned char, std::allocator<unsigned char> > > >::_M_get_Tp_allocator()
 .text._ZNSt16allocator_traitsISaISt6vectorIhSaIhEEEE7destroyIS2_EEvRS3_PT_
                0x0000000008001364       0x1a ./Core/Src/main.o
                0x0000000008001364                void std::allocator_traits<std::allocator<std::vector<unsigned char, std::allocator<unsigned char> > > >::destroy<std::vector<unsigned char, std::allocator<unsigned char> > >(std::allocator<std::vector<unsigned char, std::allocator<unsigned char> > >&, std::vector<unsigned char, std::allocator<unsigned char> >*)
 .text._ZNSt5dequeISt6vectorIhSaIhEESaIS2_EE16_M_pop_front_auxEv
                0x000000000800137e       0x50 ./Core/Src/main.o
                0x000000000800137e                std::deque<std::vector<unsigned char, std::allocator<unsigned char> >, std::allocator<std::vector<unsigned char, std::allocator<unsigned char> > > >::_M_pop_front_aux()
 .text._ZNSt15_Deque_iteratorISt6vectorIhSaIhEERS2_PS2_E14_S_buffer_sizeEv
                0x00000000080013ce       0x10 ./Core/Src/main.o
                0x00000000080013ce                std::_Deque_iterator<std::vector<unsigned char, std::allocator<unsigned char> >, std::vector<unsigned char, std::allocator<unsigned char> >&, std::vector<unsigned char, std::allocator<unsigned char> >*>::_S_buffer_size()
 .text._ZStplRKSt15_Deque_iteratorISt6vectorIhSaIhEERS2_PS2_Ei
                0x00000000080013de       0x26 ./Core/Src/main.o
                0x00000000080013de                std::operator+(std::_Deque_iterator<std::vector<unsigned char, std::allocator<unsigned char> >, std::vector<unsigned char, std::allocator<unsigned char> >&, std::vector<unsigned char, std::allocator<unsigned char> >*> const&, int)
 .text._ZNKSt15_Deque_iteratorISt6vectorIhSaIhEERS2_PS2_EdeEv
                0x0000000008001404       0x16 ./Core/Src/main.o
                0x0000000008001404                std::_Deque_iterator<std::vector<unsigned char, std::allocator<unsigned char> >, std::vector<unsigned char, std::allocator<unsigned char> >&, std::vector<unsigned char, std::allocator<unsigned char> >*>::operator*() const
 .text._ZN9__gnu_cxx13new_allocatorISt6vectorIhSaIhEEE7destroyIS3_EEvPT_
                0x000000000800141a       0x18 ./Core/Src/main.o
                0x000000000800141a                void __gnu_cxx::new_allocator<std::vector<unsigned char, std::allocator<unsigned char> > >::destroy<std::vector<unsigned char, std::allocator<unsigned char> > >(std::vector<unsigned char, std::allocator<unsigned char> >*)
 .text._ZNSt11_Deque_baseISt6vectorIhSaIhEESaIS2_EE18_M_deallocate_nodeEPS2_
                0x0000000008001432       0x26 ./Core/Src/main.o
                0x0000000008001432                std::_Deque_base<std::vector<unsigned char, std::allocator<unsigned char> >, std::allocator<std::vector<unsigned char, std::allocator<unsigned char> > > >::_M_deallocate_node(std::vector<unsigned char, std::allocator<unsigned char> >*)
 .text._ZNSt15_Deque_iteratorISt6vectorIhSaIhEERS2_PS2_E11_M_set_nodeEPS4_
                0x0000000008001458       0x38 ./Core/Src/main.o
                0x0000000008001458                std::_Deque_iterator<std::vector<unsigned char, std::allocator<unsigned char> >, std::vector<unsigned char, std::allocator<unsigned char> >&, std::vector<unsigned char, std::allocator<unsigned char> >*>::_M_set_node(std::vector<unsigned char, std::allocator<unsigned char> >**)
 .text._ZNSt15_Deque_iteratorISt6vectorIhSaIhEERS2_PS2_EC2ERKS5_
                0x0000000008001490       0x36 ./Core/Src/main.o
                0x0000000008001490                std::_Deque_iterator<std::vector<unsigned char, std::allocator<unsigned char> >, std::vector<unsigned char, std::allocator<unsigned char> >&, std::vector<unsigned char, std::allocator<unsigned char> >*>::_Deque_iterator(std::_Deque_iterator<std::vector<unsigned char, std::allocator<unsigned char> >, std::vector<unsigned char, std::allocator<unsigned char> >&, std::vector<unsigned char, std::allocator<unsigned char> >*> const&)
                0x0000000008001490                std::_Deque_iterator<std::vector<unsigned char, std::allocator<unsigned char> >, std::vector<unsigned char, std::allocator<unsigned char> >&, std::vector<unsigned char, std::allocator<unsigned char> >*>::_Deque_iterator(std::_Deque_iterator<std::vector<unsigned char, std::allocator<unsigned char> >, std::vector<unsigned char, std::allocator<unsigned char> >&, std::vector<unsigned char, std::allocator<unsigned char> >*> const&)
 *fill*         0x00000000080014c6        0x2 
 .text._ZNSt15_Deque_iteratorISt6vectorIhSaIhEERS2_PS2_EpLEi
                0x00000000080014c8       0xc8 ./Core/Src/main.o
                0x00000000080014c8                std::_Deque_iterator<std::vector<unsigned char, std::allocator<unsigned char> >, std::vector<unsigned char, std::allocator<unsigned char> >&, std::vector<unsigned char, std::allocator<unsigned char> >*>::operator+=(int)
 .text._ZNSt6vectorIhSaIhEED2Ev
                0x0000000008001590       0x36 ./Core/Src/main.o
                0x0000000008001590                std::vector<unsigned char, std::allocator<unsigned char> >::~vector()
                0x0000000008001590                std::vector<unsigned char, std::allocator<unsigned char> >::~vector()
 .text._ZNSt16allocator_traitsISaISt6vectorIhSaIhEEEE10deallocateERS3_PS2_j
                0x00000000080015c6       0x1e ./Core/Src/main.o
                0x00000000080015c6                std::allocator_traits<std::allocator<std::vector<unsigned char, std::allocator<unsigned char> > > >::deallocate(std::allocator<std::vector<unsigned char, std::allocator<unsigned char> > >&, std::vector<unsigned char, std::allocator<unsigned char> >*, unsigned int)
 .text._ZNSt12_Vector_baseIhSaIhEE12_Vector_implD2Ev
                0x00000000080015e4       0x18 ./Core/Src/main.o
                0x00000000080015e4                std::_Vector_base<unsigned char, std::allocator<unsigned char> >::_Vector_impl::~_Vector_impl()
                0x00000000080015e4                std::_Vector_base<unsigned char, std::allocator<unsigned char> >::_Vector_impl::~_Vector_impl()
 .text._ZNSt12_Vector_baseIhSaIhEED2Ev
                0x00000000080015fc       0x30 ./Core/Src/main.o
                0x00000000080015fc                std::_Vector_base<unsigned char, std::allocator<unsigned char> >::~_Vector_base()
                0x00000000080015fc                std::_Vector_base<unsigned char, std::allocator<unsigned char> >::~_Vector_base()
 .text._ZNSt12_Vector_baseIhSaIhEE19_M_get_Tp_allocatorEv
                0x000000000800162c       0x14 ./Core/Src/main.o
                0x000000000800162c                std::_Vector_base<unsigned char, std::allocator<unsigned char> >::_M_get_Tp_allocator()
 .text._ZSt8_DestroyIPhhEvT_S1_RSaIT0_E
                0x0000000008001640       0x1c ./Core/Src/main.o
                0x0000000008001640                void std::_Destroy<unsigned char*, unsigned char>(unsigned char*, unsigned char*, std::allocator<unsigned char>&)
 .text._ZN9__gnu_cxx13new_allocatorISt6vectorIhSaIhEEE10deallocateEPS3_j
                0x000000000800165c       0x26 ./Core/Src/main.o
                0x000000000800165c                __gnu_cxx::new_allocator<std::vector<unsigned char, std::allocator<unsigned char> > >::deallocate(std::vector<unsigned char, std::allocator<unsigned char> >*, unsigned int)
 .text._ZNSaIhED2Ev
                0x0000000008001682       0x18 ./Core/Src/main.o
                0x0000000008001682                std::allocator<unsigned char>::~allocator()
                0x0000000008001682                std::allocator<unsigned char>::~allocator()
 .text._ZNSt12_Vector_baseIhSaIhEE13_M_deallocateEPhj
                0x000000000800169a       0x26 ./Core/Src/main.o
                0x000000000800169a                std::_Vector_base<unsigned char, std::allocator<unsigned char> >::_M_deallocate(unsigned char*, unsigned int)
 .text._ZSt8_DestroyIPhEvT_S1_
                0x00000000080016c0       0x1a ./Core/Src/main.o
                0x00000000080016c0                void std::_Destroy<unsigned char*>(unsigned char*, unsigned char*)
 .text._ZN9__gnu_cxx13new_allocatorIhED2Ev
                0x00000000080016da       0x14 ./Core/Src/main.o
                0x00000000080016da                __gnu_cxx::new_allocator<unsigned char>::~new_allocator()
                0x00000000080016da                __gnu_cxx::new_allocator<unsigned char>::~new_allocator()
 .text._ZNSt16allocator_traitsISaIhEE10deallocateERS0_Phj
                0x00000000080016ee       0x1e ./Core/Src/main.o
                0x00000000080016ee                std::allocator_traits<std::allocator<unsigned char> >::deallocate(std::allocator<unsigned char>&, unsigned char*, unsigned int)
 .text._ZNSt12_Destroy_auxILb1EE9__destroyIPhEEvT_S3_
                0x000000000800170c       0x14 ./Core/Src/main.o
                0x000000000800170c                void std::_Destroy_aux<true>::__destroy<unsigned char*>(unsigned char*, unsigned char*)
 .text._ZN9__gnu_cxx13new_allocatorIhE10deallocateEPhj
                0x0000000008001720       0x1c ./Core/Src/main.o
                0x0000000008001720                __gnu_cxx::new_allocator<unsigned char>::deallocate(unsigned char*, unsigned int)
 .text._Z41__static_initialization_and_destruction_0ii
                0x000000000800173c       0x68 ./Core/Src/main.o
 .text._GLOBAL__sub_I_hi2c1
                0x00000000080017a4       0x10 ./Core/Src/main.o
 .text._GLOBAL__sub_D_hi2c1
                0x00000000080017b4       0x10 ./Core/Src/main.o
 .text.HAL_MspInit
                0x00000000080017c4       0x64 ./Core/Src/stm32f1xx_hal_msp.o
                0x00000000080017c4                HAL_MspInit
 .text.HAL_I2C_MspInit
                0x0000000008001828      0x144 ./Core/Src/stm32f1xx_hal_msp.o
                0x0000000008001828                HAL_I2C_MspInit
 .text.HAL_TIM_Base_MspInit
                0x000000000800196c       0x3c ./Core/Src/stm32f1xx_hal_msp.o
                0x000000000800196c                HAL_TIM_Base_MspInit
 .text.HAL_UART_MspInit
                0x00000000080019a8      0x154 ./Core/Src/stm32f1xx_hal_msp.o
                0x00000000080019a8                HAL_UART_MspInit
 .text.NMI_Handler
                0x0000000008001afc        0x6 ./Core/Src/stm32f1xx_it.o
                0x0000000008001afc                NMI_Handler
 .text.HardFault_Handler
                0x0000000008001b02        0x6 ./Core/Src/stm32f1xx_it.o
                0x0000000008001b02                HardFault_Handler
 .text.MemManage_Handler
                0x0000000008001b08        0x6 ./Core/Src/stm32f1xx_it.o
                0x0000000008001b08                MemManage_Handler
 .text.BusFault_Handler
                0x0000000008001b0e        0x6 ./Core/Src/stm32f1xx_it.o
                0x0000000008001b0e                BusFault_Handler
 .text.UsageFault_Handler
                0x0000000008001b14        0x6 ./Core/Src/stm32f1xx_it.o
                0x0000000008001b14                UsageFault_Handler
 .text.SVC_Handler
                0x0000000008001b1a        0xc ./Core/Src/stm32f1xx_it.o
                0x0000000008001b1a                SVC_Handler
 .text.DebugMon_Handler
                0x0000000008001b26        0xc ./Core/Src/stm32f1xx_it.o
                0x0000000008001b26                DebugMon_Handler
 .text.PendSV_Handler
                0x0000000008001b32        0xc ./Core/Src/stm32f1xx_it.o
                0x0000000008001b32                PendSV_Handler
 .text.SysTick_Handler
                0x0000000008001b3e        0xc ./Core/Src/stm32f1xx_it.o
                0x0000000008001b3e                SysTick_Handler
 *fill*         0x0000000008001b4a        0x2 
 .text.DMA1_Channel4_IRQHandler
                0x0000000008001b4c       0x14 ./Core/Src/stm32f1xx_it.o
                0x0000000008001b4c                DMA1_Channel4_IRQHandler
 .text.DMA1_Channel5_IRQHandler
                0x0000000008001b60       0x14 ./Core/Src/stm32f1xx_it.o
                0x0000000008001b60                DMA1_Channel5_IRQHandler
 .text.DMA1_Channel6_IRQHandler
                0x0000000008001b74       0x14 ./Core/Src/stm32f1xx_it.o
                0x0000000008001b74                DMA1_Channel6_IRQHandler
 .text.DMA1_Channel7_IRQHandler
                0x0000000008001b88       0x14 ./Core/Src/stm32f1xx_it.o
                0x0000000008001b88                DMA1_Channel7_IRQHandler
 .text.I2C1_EV_IRQHandler
                0x0000000008001b9c       0x14 ./Core/Src/stm32f1xx_it.o
                0x0000000008001b9c                I2C1_EV_IRQHandler
 .text.I2C1_ER_IRQHandler
                0x0000000008001bb0       0x14 ./Core/Src/stm32f1xx_it.o
                0x0000000008001bb0                I2C1_ER_IRQHandler
 .text.USART1_IRQHandler
                0x0000000008001bc4       0x2c ./Core/Src/stm32f1xx_it.o
                0x0000000008001bc4                USART1_IRQHandler
 .text._getpid  0x0000000008001bf0        0xe ./Core/Src/syscalls.o
                0x0000000008001bf0                _getpid
 .text._kill    0x0000000008001bfe       0x20 ./Core/Src/syscalls.o
                0x0000000008001bfe                _kill
 .text._exit    0x0000000008001c1e       0x14 ./Core/Src/syscalls.o
                0x0000000008001c1e                _exit
 .text._read    0x0000000008001c32       0x3a ./Core/Src/syscalls.o
                0x0000000008001c32                _read
 .text._write   0x0000000008001c6c       0x38 ./Core/Src/syscalls.o
                0x0000000008001c6c                _write
 .text._close   0x0000000008001ca4       0x16 ./Core/Src/syscalls.o
                0x0000000008001ca4                _close
 .text._fstat   0x0000000008001cba       0x1e ./Core/Src/syscalls.o
                0x0000000008001cba                _fstat
 .text._isatty  0x0000000008001cd8       0x14 ./Core/Src/syscalls.o
                0x0000000008001cd8                _isatty
 .text._lseek   0x0000000008001cec       0x18 ./Core/Src/syscalls.o
                0x0000000008001cec                _lseek
 .text._sbrk    0x0000000008001d04       0x6c ./Core/Src/sysmem.o
                0x0000000008001d04                _sbrk
 .text.SystemInit
                0x0000000008001d70        0xc ./Core/Src/system_stm32f1xx.o
                0x0000000008001d70                SystemInit
 .text.Reset_Handler
                0x0000000008001d7c       0x48 ./Core/Startup/startup_stm32f103c8tx.o
                0x0000000008001d7c                Reset_Handler
 .text.Default_Handler
                0x0000000008001dc4        0x2 ./Core/Startup/startup_stm32f103c8tx.o
                0x0000000008001dc4                RTC_Alarm_IRQHandler
                0x0000000008001dc4                EXTI2_IRQHandler
                0x0000000008001dc4                TIM1_CC_IRQHandler
                0x0000000008001dc4                PVD_IRQHandler
                0x0000000008001dc4                EXTI3_IRQHandler
                0x0000000008001dc4                EXTI0_IRQHandler
                0x0000000008001dc4                I2C2_EV_IRQHandler
                0x0000000008001dc4                ADC1_2_IRQHandler
                0x0000000008001dc4                SPI1_IRQHandler
                0x0000000008001dc4                TAMPER_IRQHandler
                0x0000000008001dc4                USART3_IRQHandler
                0x0000000008001dc4                RTC_IRQHandler
                0x0000000008001dc4                CAN1_RX1_IRQHandler
                0x0000000008001dc4                TIM4_IRQHandler
                0x0000000008001dc4                TIM3_IRQHandler
                0x0000000008001dc4                RCC_IRQHandler
                0x0000000008001dc4                TIM1_TRG_COM_IRQHandler
                0x0000000008001dc4                DMA1_Channel1_IRQHandler
                0x0000000008001dc4                Default_Handler
                0x0000000008001dc4                EXTI15_10_IRQHandler
                0x0000000008001dc4                EXTI9_5_IRQHandler
                0x0000000008001dc4                SPI2_IRQHandler
                0x0000000008001dc4                EXTI4_IRQHandler
                0x0000000008001dc4                USB_LP_CAN1_RX0_IRQHandler
                0x0000000008001dc4                USB_HP_CAN1_TX_IRQHandler
                0x0000000008001dc4                DMA1_Channel3_IRQHandler
                0x0000000008001dc4                TIM1_UP_IRQHandler
                0x0000000008001dc4                WWDG_IRQHandler
                0x0000000008001dc4                TIM2_IRQHandler
                0x0000000008001dc4                TIM1_BRK_IRQHandler
                0x0000000008001dc4                EXTI1_IRQHandler
                0x0000000008001dc4                USART2_IRQHandler
                0x0000000008001dc4                I2C2_ER_IRQHandler
                0x0000000008001dc4                DMA1_Channel2_IRQHandler
                0x0000000008001dc4                CAN1_SCE_IRQHandler
                0x0000000008001dc4                FLASH_IRQHandler
                0x0000000008001dc4                USBWakeUp_IRQHandler
 *fill*         0x0000000008001dc6        0x2 
 .text.HAL_Init
                0x0000000008001dc8       0x2c ./Drivers/STM32F1xx_HAL_Driver/Src/stm32f1xx_hal.o
                0x0000000008001dc8                HAL_Init
 .text.HAL_InitTick
                0x0000000008001df4       0x60 ./Drivers/STM32F1xx_HAL_Driver/Src/stm32f1xx_hal.o
                0x0000000008001df4                HAL_InitTick
 .text.HAL_IncTick
                0x0000000008001e54       0x24 ./Drivers/STM32F1xx_HAL_Driver/Src/stm32f1xx_hal.o
                0x0000000008001e54                HAL_IncTick
 .text.HAL_GetTick
                0x0000000008001e78       0x14 ./Drivers/STM32F1xx_HAL_Driver/Src/stm32f1xx_hal.o
                0x0000000008001e78                HAL_GetTick
 .text.__NVIC_SetPriorityGrouping
                0x0000000008001e8c       0x48 ./Drivers/STM32F1xx_HAL_Driver/Src/stm32f1xx_hal_cortex.o
 .text.__NVIC_GetPriorityGrouping
                0x0000000008001ed4       0x1c ./Drivers/STM32F1xx_HAL_Driver/Src/stm32f1xx_hal_cortex.o
 .text.__NVIC_EnableIRQ
                0x0000000008001ef0       0x38 ./Drivers/STM32F1xx_HAL_Driver/Src/stm32f1xx_hal_cortex.o
 .text.__NVIC_SetPriority
                0x0000000008001f28       0x54 ./Drivers/STM32F1xx_HAL_Driver/Src/stm32f1xx_hal_cortex.o
 .text.NVIC_EncodePriority
                0x0000000008001f7c       0x64 ./Drivers/STM32F1xx_HAL_Driver/Src/stm32f1xx_hal_cortex.o
 .text.SysTick_Config
                0x0000000008001fe0       0x44 ./Drivers/STM32F1xx_HAL_Driver/Src/stm32f1xx_hal_cortex.o
 .text.HAL_NVIC_SetPriorityGrouping
                0x0000000008002024       0x16 ./Drivers/STM32F1xx_HAL_Driver/Src/stm32f1xx_hal_cortex.o
                0x0000000008002024                HAL_NVIC_SetPriorityGrouping
 .text.HAL_NVIC_SetPriority
                0x000000000800203a       0x38 ./Drivers/STM32F1xx_HAL_Driver/Src/stm32f1xx_hal_cortex.o
                0x000000000800203a                HAL_NVIC_SetPriority
 .text.HAL_NVIC_EnableIRQ
                0x0000000008002072       0x1c ./Drivers/STM32F1xx_HAL_Driver/Src/stm32f1xx_hal_cortex.o
                0x0000000008002072                HAL_NVIC_EnableIRQ
 .text.HAL_SYSTICK_Config
                0x000000000800208e       0x18 ./Drivers/STM32F1xx_HAL_Driver/Src/stm32f1xx_hal_cortex.o
                0x000000000800208e                HAL_SYSTICK_Config
 *fill*         0x00000000080020a6        0x2 
 .text.HAL_DMA_Init
                0x00000000080020a8       0xb4 ./Drivers/STM32F1xx_HAL_Driver/Src/stm32f1xx_hal_dma.o
                0x00000000080020a8                HAL_DMA_Init
 .text.HAL_DMA_Start_IT
                0x000000000800215c       0xbe ./Drivers/STM32F1xx_HAL_Driver/Src/stm32f1xx_hal_dma.o
                0x000000000800215c                HAL_DMA_Start_IT
 .text.HAL_DMA_Abort
                0x000000000800221a       0x74 ./Drivers/STM32F1xx_HAL_Driver/Src/stm32f1xx_hal_dma.o
                0x000000000800221a                HAL_DMA_Abort
 *fill*         0x000000000800228e        0x2 
 .text.HAL_DMA_Abort_IT
                0x0000000008002290       0xec ./Drivers/STM32F1xx_HAL_Driver/Src/stm32f1xx_hal_dma.o
                0x0000000008002290                HAL_DMA_Abort_IT
 .text.HAL_DMA_IRQHandler
                0x000000000800237c      0x20c ./Drivers/STM32F1xx_HAL_Driver/Src/stm32f1xx_hal_dma.o
                0x000000000800237c                HAL_DMA_IRQHandler
 .text.HAL_DMA_GetState
                0x0000000008002588       0x18 ./Drivers/STM32F1xx_HAL_Driver/Src/stm32f1xx_hal_dma.o
                0x0000000008002588                HAL_DMA_GetState
 .text.DMA_SetConfig
                0x00000000080025a0       0x5a ./Drivers/STM32F1xx_HAL_Driver/Src/stm32f1xx_hal_dma.o
 *fill*         0x00000000080025fa        0x2 
 .text.HAL_GPIO_Init
                0x00000000080025fc      0x308 ./Drivers/STM32F1xx_HAL_Driver/Src/stm32f1xx_hal_gpio.o
                0x00000000080025fc                HAL_GPIO_Init
 .text.HAL_I2C_Init
                0x0000000008002904      0x288 ./Drivers/STM32F1xx_HAL_Driver/Src/stm32f1xx_hal_i2c.o
                0x0000000008002904                HAL_I2C_Init
 .text.HAL_I2C_Mem_Read
                0x0000000008002b8c      0x4d0 ./Drivers/STM32F1xx_HAL_Driver/Src/stm32f1xx_hal_i2c.o
                0x0000000008002b8c                HAL_I2C_Mem_Read
 .text.HAL_I2C_Mem_Write_DMA
                0x000000000800305c      0x29c ./Drivers/STM32F1xx_HAL_Driver/Src/stm32f1xx_hal_i2c.o
                0x000000000800305c                HAL_I2C_Mem_Write_DMA
 .text.HAL_I2C_IsDeviceReady
                0x00000000080032f8      0x25c ./Drivers/STM32F1xx_HAL_Driver/Src/stm32f1xx_hal_i2c.o
                0x00000000080032f8                HAL_I2C_IsDeviceReady
 .text.HAL_I2C_EV_IRQHandler
                0x0000000008003554      0x2e2 ./Drivers/STM32F1xx_HAL_Driver/Src/stm32f1xx_hal_i2c.o
                0x0000000008003554                HAL_I2C_EV_IRQHandler
 .text.HAL_I2C_ER_IRQHandler
                0x0000000008003836      0x15e ./Drivers/STM32F1xx_HAL_Driver/Src/stm32f1xx_hal_i2c.o
                0x0000000008003836                HAL_I2C_ER_IRQHandler
 .text.HAL_I2C_MasterTxCpltCallback
                0x0000000008003994       0x12 ./Drivers/STM32F1xx_HAL_Driver/Src/stm32f1xx_hal_i2c.o
                0x0000000008003994                HAL_I2C_MasterTxCpltCallback
 .text.HAL_I2C_MasterRxCpltCallback
                0x00000000080039a6       0x12 ./Drivers/STM32F1xx_HAL_Driver/Src/stm32f1xx_hal_i2c.o
                0x00000000080039a6                HAL_I2C_MasterRxCpltCallback
 .text.HAL_I2C_SlaveTxCpltCallback
                0x00000000080039b8       0x12 ./Drivers/STM32F1xx_HAL_Driver/Src/stm32f1xx_hal_i2c.o
                0x00000000080039b8                HAL_I2C_SlaveTxCpltCallback
 .text.HAL_I2C_SlaveRxCpltCallback
                0x00000000080039ca       0x12 ./Drivers/STM32F1xx_HAL_Driver/Src/stm32f1xx_hal_i2c.o
                0x00000000080039ca                HAL_I2C_SlaveRxCpltCallback
 .text.HAL_I2C_AddrCallback
                0x00000000080039dc       0x1a ./Drivers/STM32F1xx_HAL_Driver/Src/stm32f1xx_hal_i2c.o
                0x00000000080039dc                HAL_I2C_AddrCallback
 .text.HAL_I2C_ListenCpltCallback
                0x00000000080039f6       0x12 ./Drivers/STM32F1xx_HAL_Driver/Src/stm32f1xx_hal_i2c.o
                0x00000000080039f6                HAL_I2C_ListenCpltCallback
 .text.HAL_I2C_MemRxCpltCallback
                0x0000000008003a08       0x12 ./Drivers/STM32F1xx_HAL_Driver/Src/stm32f1xx_hal_i2c.o
                0x0000000008003a08                HAL_I2C_MemRxCpltCallback
 .text.HAL_I2C_AbortCpltCallback
                0x0000000008003a1a       0x12 ./Drivers/STM32F1xx_HAL_Driver/Src/stm32f1xx_hal_i2c.o
                0x0000000008003a1a                HAL_I2C_AbortCpltCallback
 .text.I2C_MasterTransmit_TXE
                0x0000000008003a2c      0x138 ./Drivers/STM32F1xx_HAL_Driver/Src/stm32f1xx_hal_i2c.o
 .text.I2C_MasterTransmit_BTF
                0x0000000008003b64       0xec ./Drivers/STM32F1xx_HAL_Driver/Src/stm32f1xx_hal_i2c.o
 .text.I2C_MemoryTransmit_TXE_BTF
                0x0000000008003c50      0x128 ./Drivers/STM32F1xx_HAL_Driver/Src/stm32f1xx_hal_i2c.o
 .text.I2C_MasterReceive_RXNE
                0x0000000008003d78      0x162 ./Drivers/STM32F1xx_HAL_Driver/Src/stm32f1xx_hal_i2c.o
 .text.I2C_MasterReceive_BTF
                0x0000000008003eda      0x1d4 ./Drivers/STM32F1xx_HAL_Driver/Src/stm32f1xx_hal_i2c.o
 .text.I2C_Master_SB
                0x00000000080040ae      0x10a ./Drivers/STM32F1xx_HAL_Driver/Src/stm32f1xx_hal_i2c.o
 .text.I2C_Master_ADD10
                0x00000000080041b8       0x52 ./Drivers/STM32F1xx_HAL_Driver/Src/stm32f1xx_hal_i2c.o
 .text.I2C_Master_ADDR
                0x000000000800420a      0x336 ./Drivers/STM32F1xx_HAL_Driver/Src/stm32f1xx_hal_i2c.o
 .text.I2C_SlaveTransmit_TXE
                0x0000000008004540       0x7a ./Drivers/STM32F1xx_HAL_Driver/Src/stm32f1xx_hal_i2c.o
 .text.I2C_SlaveTransmit_BTF
                0x00000000080045ba       0x40 ./Drivers/STM32F1xx_HAL_Driver/Src/stm32f1xx_hal_i2c.o
 .text.I2C_SlaveReceive_RXNE
                0x00000000080045fa       0x7c ./Drivers/STM32F1xx_HAL_Driver/Src/stm32f1xx_hal_i2c.o
 .text.I2C_SlaveReceive_BTF
                0x0000000008004676       0x42 ./Drivers/STM32F1xx_HAL_Driver/Src/stm32f1xx_hal_i2c.o
 .text.I2C_Slave_ADDR
                0x00000000080046b8       0x94 ./Drivers/STM32F1xx_HAL_Driver/Src/stm32f1xx_hal_i2c.o
 .text.I2C_Slave_STOPF
                0x000000000800474c      0x260 ./Drivers/STM32F1xx_HAL_Driver/Src/stm32f1xx_hal_i2c.o
 .text.I2C_Slave_AF
                0x00000000080049ac       0xe0 ./Drivers/STM32F1xx_HAL_Driver/Src/stm32f1xx_hal_i2c.o
 .text.I2C_ITError
                0x0000000008004a8c      0x264 ./Drivers/STM32F1xx_HAL_Driver/Src/stm32f1xx_hal_i2c.o
 .text.I2C_RequestMemoryWrite
                0x0000000008004cf0      0x12c ./Drivers/STM32F1xx_HAL_Driver/Src/stm32f1xx_hal_i2c.o
 .text.I2C_RequestMemoryRead
                0x0000000008004e1c      0x1d0 ./Drivers/STM32F1xx_HAL_Driver/Src/stm32f1xx_hal_i2c.o
 .text.I2C_DMAXferCplt
                0x0000000008004fec      0x1aa ./Drivers/STM32F1xx_HAL_Driver/Src/stm32f1xx_hal_i2c.o
 .text.I2C_DMAError
                0x0000000008005196       0x6e ./Drivers/STM32F1xx_HAL_Driver/Src/stm32f1xx_hal_i2c.o
 .text.I2C_DMAAbort
                0x0000000008005204      0x150 ./Drivers/STM32F1xx_HAL_Driver/Src/stm32f1xx_hal_i2c.o
 .text.I2C_WaitOnFlagUntilTimeout
                0x0000000008005354       0xae ./Drivers/STM32F1xx_HAL_Driver/Src/stm32f1xx_hal_i2c.o
 .text.I2C_WaitOnMasterAddressFlagUntilTimeout
                0x0000000008005402       0xfe ./Drivers/STM32F1xx_HAL_Driver/Src/stm32f1xx_hal_i2c.o
 .text.I2C_WaitOnTXEFlagUntilTimeout
                0x0000000008005500       0x82 ./Drivers/STM32F1xx_HAL_Driver/Src/stm32f1xx_hal_i2c.o
 *fill*         0x0000000008005582        0x2 
 .text.I2C_WaitOnSTOPRequestThroughIT
                0x0000000008005584       0x64 ./Drivers/STM32F1xx_HAL_Driver/Src/stm32f1xx_hal_i2c.o
 .text.I2C_WaitOnRXNEFlagUntilTimeout
                0x00000000080055e8       0xac ./Drivers/STM32F1xx_HAL_Driver/Src/stm32f1xx_hal_i2c.o
 .text.I2C_IsAcknowledgeFailed
                0x0000000008005694       0x5c ./Drivers/STM32F1xx_HAL_Driver/Src/stm32f1xx_hal_i2c.o
 .text.I2C_ConvertOtherXferOptions
                0x00000000080056f0       0x34 ./Drivers/STM32F1xx_HAL_Driver/Src/stm32f1xx_hal_i2c.o
 .text.HAL_RCC_OscConfig
                0x0000000008005724      0x504 ./Drivers/STM32F1xx_HAL_Driver/Src/stm32f1xx_hal_rcc.o
                0x0000000008005724                HAL_RCC_OscConfig
 .text.HAL_RCC_ClockConfig
                0x0000000008005c28      0x1d4 ./Drivers/STM32F1xx_HAL_Driver/Src/stm32f1xx_hal_rcc.o
                0x0000000008005c28                HAL_RCC_ClockConfig
 .text.HAL_RCC_GetSysClockFreq
                0x0000000008005dfc       0xbc ./Drivers/STM32F1xx_HAL_Driver/Src/stm32f1xx_hal_rcc.o
                0x0000000008005dfc                HAL_RCC_GetSysClockFreq
 .text.HAL_RCC_GetHCLKFreq
                0x0000000008005eb8       0x14 ./Drivers/STM32F1xx_HAL_Driver/Src/stm32f1xx_hal_rcc.o
                0x0000000008005eb8                HAL_RCC_GetHCLKFreq
 .text.HAL_RCC_GetPCLK1Freq
                0x0000000008005ecc       0x28 ./Drivers/STM32F1xx_HAL_Driver/Src/stm32f1xx_hal_rcc.o
                0x0000000008005ecc                HAL_RCC_GetPCLK1Freq
 .text.HAL_RCC_GetPCLK2Freq
                0x0000000008005ef4       0x28 ./Drivers/STM32F1xx_HAL_Driver/Src/stm32f1xx_hal_rcc.o
                0x0000000008005ef4                HAL_RCC_GetPCLK2Freq
 .text.RCC_Delay
                0x0000000008005f1c       0x3c ./Drivers/STM32F1xx_HAL_Driver/Src/stm32f1xx_hal_rcc.o
 .text.HAL_TIM_Base_Init
                0x0000000008005f58       0x9e ./Drivers/STM32F1xx_HAL_Driver/Src/stm32f1xx_hal_tim.o
                0x0000000008005f58                HAL_TIM_Base_Init
 *fill*         0x0000000008005ff6        0x2 
 .text.HAL_TIM_Base_Start
                0x0000000008005ff8       0x94 ./Drivers/STM32F1xx_HAL_Driver/Src/stm32f1xx_hal_tim.o
                0x0000000008005ff8                HAL_TIM_Base_Start
 .text.HAL_TIM_ConfigClockSource
                0x000000000800608c      0x188 ./Drivers/STM32F1xx_HAL_Driver/Src/stm32f1xx_hal_tim.o
                0x000000000800608c                HAL_TIM_ConfigClockSource
 .text.TIM_Base_SetConfig
                0x0000000008006214       0xc4 ./Drivers/STM32F1xx_HAL_Driver/Src/stm32f1xx_hal_tim.o
                0x0000000008006214                TIM_Base_SetConfig
 .text.TIM_TI1_ConfigInputStage
                0x00000000080062d8       0x5c ./Drivers/STM32F1xx_HAL_Driver/Src/stm32f1xx_hal_tim.o
 .text.TIM_TI2_ConfigInputStage
                0x0000000008006334       0x5e ./Drivers/STM32F1xx_HAL_Driver/Src/stm32f1xx_hal_tim.o
 .text.TIM_ITRx_SetConfig
                0x0000000008006392       0x34 ./Drivers/STM32F1xx_HAL_Driver/Src/stm32f1xx_hal_tim.o
 .text.TIM_ETR_SetConfig
                0x00000000080063c6       0x3e ./Drivers/STM32F1xx_HAL_Driver/Src/stm32f1xx_hal_tim.o
                0x00000000080063c6                TIM_ETR_SetConfig
 .text.HAL_TIMEx_MasterConfigSynchronization
                0x0000000008006404       0xbc ./Drivers/STM32F1xx_HAL_Driver/Src/stm32f1xx_hal_tim_ex.o
                0x0000000008006404                HAL_TIMEx_MasterConfigSynchronization
 .text.HAL_UART_Init
                0x00000000080064c0       0x9a ./Drivers/STM32F1xx_HAL_Driver/Src/stm32f1xx_hal_uart.o
                0x00000000080064c0                HAL_UART_Init
 *fill*         0x000000000800655a        0x2 
 .text.HAL_UART_Transmit_DMA
                0x000000000800655c       0xd8 ./Drivers/STM32F1xx_HAL_Driver/Src/stm32f1xx_hal_uart.o
                0x000000000800655c                HAL_UART_Transmit_DMA
 .text.HAL_UARTEx_ReceiveToIdle_DMA
                0x0000000008006634       0x9e ./Drivers/STM32F1xx_HAL_Driver/Src/stm32f1xx_hal_uart.o
                0x0000000008006634                HAL_UARTEx_ReceiveToIdle_DMA
 *fill*         0x00000000080066d2        0x2 
 .text.HAL_UART_IRQHandler
                0x00000000080066d4      0x354 ./Drivers/STM32F1xx_HAL_Driver/Src/stm32f1xx_hal_uart.o
                0x00000000080066d4                HAL_UART_IRQHandler
 .text.HAL_UART_TxHalfCpltCallback
                0x0000000008006a28       0x12 ./Drivers/STM32F1xx_HAL_Driver/Src/stm32f1xx_hal_uart.o
                0x0000000008006a28                HAL_UART_TxHalfCpltCallback
 .text.HAL_UART_RxCpltCallback
                0x0000000008006a3a       0x12 ./Drivers/STM32F1xx_HAL_Driver/Src/stm32f1xx_hal_uart.o
                0x0000000008006a3a                HAL_UART_RxCpltCallback
 .text.HAL_UART_RxHalfCpltCallback
                0x0000000008006a4c       0x12 ./Drivers/STM32F1xx_HAL_Driver/Src/stm32f1xx_hal_uart.o
                0x0000000008006a4c                HAL_UART_RxHalfCpltCallback
 .text.HAL_UART_ErrorCallback
                0x0000000008006a5e       0x12 ./Drivers/STM32F1xx_HAL_Driver/Src/stm32f1xx_hal_uart.o
                0x0000000008006a5e                HAL_UART_ErrorCallback
 .text.UART_DMATransmitCplt
                0x0000000008006a70       0x52 ./Drivers/STM32F1xx_HAL_Driver/Src/stm32f1xx_hal_uart.o
 .text.UART_DMATxHalfCplt
                0x0000000008006ac2       0x1c ./Drivers/STM32F1xx_HAL_Driver/Src/stm32f1xx_hal_uart.o
 .text.UART_DMAReceiveCplt
                0x0000000008006ade       0x96 ./Drivers/STM32F1xx_HAL_Driver/Src/stm32f1xx_hal_uart.o
 .text.UART_DMARxHalfCplt
                0x0000000008006b74       0x36 ./Drivers/STM32F1xx_HAL_Driver/Src/stm32f1xx_hal_uart.o
 .text.UART_DMAError
                0x0000000008006baa       0x94 ./Drivers/STM32F1xx_HAL_Driver/Src/stm32f1xx_hal_uart.o
 *fill*         0x0000000008006c3e        0x2 
 .text.UART_Start_Receive_DMA
                0x0000000008006c40       0xc8 ./Drivers/STM32F1xx_HAL_Driver/Src/stm32f1xx_hal_uart.o
                0x0000000008006c40                UART_Start_Receive_DMA
 .text.UART_EndTxTransfer
                0x0000000008006d08       0x2a ./Drivers/STM32F1xx_HAL_Driver/Src/stm32f1xx_hal_uart.o
 .text.UART_EndRxTransfer
                0x0000000008006d32       0x58 ./Drivers/STM32F1xx_HAL_Driver/Src/stm32f1xx_hal_uart.o
 .text.UART_DMAAbortOnError
                0x0000000008006d8a       0x28 ./Drivers/STM32F1xx_HAL_Driver/Src/stm32f1xx_hal_uart.o
 .text.UART_Transmit_IT
                0x0000000008006db2       0x9e ./Drivers/STM32F1xx_HAL_Driver/Src/stm32f1xx_hal_uart.o
 .text.UART_EndTransmit_IT
                0x0000000008006e50       0x30 ./Drivers/STM32F1xx_HAL_Driver/Src/stm32f1xx_hal_uart.o
 .text.UART_Receive_IT
                0x0000000008006e80      0x152 ./Drivers/STM32F1xx_HAL_Driver/Src/stm32f1xx_hal_uart.o
 *fill*         0x0000000008006fd2        0x2 
 .text.UART_SetConfig
                0x0000000008006fd4      0x11c ./Drivers/STM32F1xx_HAL_Driver/Src/stm32f1xx_hal_uart.o
 .text._ZnwjPv  0x00000000080070f0       0x16 ./INA219/ina219.o
                0x00000000080070f0                operator new(unsigned int, void*)
 .text._ZNSt5dequeISt6vectorIhSaIhEESaIS2_EEC2Ev
                0x0000000008007106       0x1a ./INA219/ina219.o
                0x0000000008007106                std::deque<std::vector<unsigned char, std::allocator<unsigned char> >, std::allocator<std::vector<unsigned char, std::allocator<unsigned char> > > >::deque()
                0x0000000008007106                std::deque<std::vector<unsigned char, std::allocator<unsigned char> >, std::allocator<std::vector<unsigned char, std::allocator<unsigned char> > > >::deque()
 .text._ZN6Ina219C2EP17I2C_HandleTypeDefP17TIM_HandleTypeDefh
                0x0000000008007120       0x5c ./INA219/ina219.o
                0x0000000008007120                Ina219::Ina219(I2C_HandleTypeDef*, TIM_HandleTypeDef*, unsigned char)
                0x0000000008007120                Ina219::Ina219(I2C_HandleTypeDef*, TIM_HandleTypeDef*, unsigned char)
 .text._ZN6Ina219D2Ev
                0x000000000800717c       0x26 ./INA219/ina219.o
                0x000000000800717c                Ina219::~Ina219()
                0x000000000800717c                Ina219::~Ina219()
 *fill*         0x00000000080071a2        0x2 
 .text._ZN6Ina2197run_DMAE27INA219_Config_Bvoltagerange19INA_219_Config_Gain21INA219_Config_Badcres21INA219_Config_Sadcres18INA219_Config_Modet
                0x00000000080071a4      0x198 ./INA219/ina219.o
                0x00000000080071a4                Ina219::run_DMA(INA219_Config_Bvoltagerange, INA_219_Config_Gain, INA219_Config_Badcres, INA219_Config_Sadcres, INA219_Config_Mode, unsigned short)
 .text._ZN6Ina21910IRQHandlerEv
                0x000000000800733c      0x1b4 ./INA219/ina219.o
                0x000000000800733c                Ina219::IRQHandler()
 .text._ZNSt12_Vector_baseIhSaIhEEC2Ev
                0x00000000080074f0       0x1a ./INA219/ina219.o
                0x00000000080074f0                std::_Vector_base<unsigned char, std::allocator<unsigned char> >::_Vector_base()
                0x00000000080074f0                std::_Vector_base<unsigned char, std::allocator<unsigned char> >::_Vector_base()
 .text._ZNSt6vectorIhSaIhEEC2Ev
                0x000000000800750a       0x1a ./INA219/ina219.o
                0x000000000800750a                std::vector<unsigned char, std::allocator<unsigned char> >::vector()
                0x000000000800750a                std::vector<unsigned char, std::allocator<unsigned char> >::vector()
 .text._ZN6Ina2199funcStartEv
                0x0000000008007524      0x3b0 ./INA219/ina219.o
                0x0000000008007524                Ina219::funcStart()
 .text._ZN6Ina2199funcPowerEv
                0x00000000080078d4       0x7c ./INA219/ina219.o
                0x00000000080078d4                Ina219::funcPower()
 .text._ZN6Ina21911setListDataEPSt6vectorIhSaIhEE
                0x0000000008007950       0x1e ./INA219/ina219.o
                0x0000000008007950                Ina219::setListData(std::vector<unsigned char, std::allocator<unsigned char> >*)
 .text._ZN6Ina21911getListDataEv
                0x000000000800796e       0x16 ./INA219/ina219.o
                0x000000000800796e                Ina219::getListData()
 .text._ZN6Ina21917memTxCpltCallbackEP17I2C_HandleTypeDef
                0x0000000008007984       0x2c ./INA219/ina219.o
                0x0000000008007984                Ina219::memTxCpltCallback(I2C_HandleTypeDef*)
 .text._ZN6Ina21913errorCallbackEP17I2C_HandleTypeDef
                0x00000000080079b0       0x38 ./INA219/ina219.o
                0x00000000080079b0                Ina219::errorCallback(I2C_HandleTypeDef*)
 .text._ZNSt11_Deque_baseISt6vectorIhSaIhEESaIS2_EE11_Deque_implD2Ev
                0x00000000080079e8       0x18 ./INA219/ina219.o
                0x00000000080079e8                std::_Deque_base<std::vector<unsigned char, std::allocator<unsigned char> >, std::allocator<std::vector<unsigned char, std::allocator<unsigned char> > > >::_Deque_impl::~_Deque_impl()
                0x00000000080079e8                std::_Deque_base<std::vector<unsigned char, std::allocator<unsigned char> >, std::allocator<std::vector<unsigned char, std::allocator<unsigned char> > > >::_Deque_impl::~_Deque_impl()
 .text._ZNSt11_Deque_baseISt6vectorIhSaIhEESaIS2_EEC2Ev
                0x0000000008007a00       0x22 ./INA219/ina219.o
                0x0000000008007a00                std::_Deque_base<std::vector<unsigned char, std::allocator<unsigned char> >, std::allocator<std::vector<unsigned char, std::allocator<unsigned char> > > >::_Deque_base()
                0x0000000008007a00                std::_Deque_base<std::vector<unsigned char, std::allocator<unsigned char> >, std::allocator<std::vector<unsigned char, std::allocator<unsigned char> > > >::_Deque_base()
 .text._ZNSt11_Deque_baseISt6vectorIhSaIhEESaIS2_EED2Ev
                0x0000000008007a22       0x44 ./INA219/ina219.o
                0x0000000008007a22                std::_Deque_base<std::vector<unsigned char, std::allocator<unsigned char> >, std::allocator<std::vector<unsigned char, std::allocator<unsigned char> > > >::~_Deque_base()
                0x0000000008007a22                std::_Deque_base<std::vector<unsigned char, std::allocator<unsigned char> >, std::allocator<std::vector<unsigned char, std::allocator<unsigned char> > > >::~_Deque_base()
 .text._ZNSt5dequeISt6vectorIhSaIhEESaIS2_EED2Ev
                0x0000000008007a66       0x4a ./INA219/ina219.o
                0x0000000008007a66                std::deque<std::vector<unsigned char, std::allocator<unsigned char> >, std::allocator<std::vector<unsigned char, std::allocator<unsigned char> > > >::~deque()
                0x0000000008007a66                std::deque<std::vector<unsigned char, std::allocator<unsigned char> >, std::allocator<std::vector<unsigned char, std::allocator<unsigned char> > > >::~deque()
 .text._ZNSt6vectorIhSaIhEE4dataEv
                0x0000000008007ab0       0x1e ./INA219/ina219.o
                0x0000000008007ab0                std::vector<unsigned char, std::allocator<unsigned char> >::data()
 .text._ZNSaIhEC2Ev
                0x0000000008007ace       0x18 ./INA219/ina219.o
                0x0000000008007ace                std::allocator<unsigned char>::allocator()
                0x0000000008007ace                std::allocator<unsigned char>::allocator()
 .text._ZNSt6vectorIhSaIhEEC2ESt16initializer_listIhERKS0_
                0x0000000008007ae6       0x42 ./INA219/ina219.o
                0x0000000008007ae6                std::vector<unsigned char, std::allocator<unsigned char> >::vector(std::initializer_list<unsigned char>, std::allocator<unsigned char> const&)
                0x0000000008007ae6                std::vector<unsigned char, std::allocator<unsigned char> >::vector(std::initializer_list<unsigned char>, std::allocator<unsigned char> const&)
 .text._ZNSt5dequeISt6vectorIhSaIhEESaIS2_EE9push_backERKS2_
                0x0000000008007b28       0x44 ./INA219/ina219.o
                0x0000000008007b28                std::deque<std::vector<unsigned char, std::allocator<unsigned char> >, std::allocator<std::vector<unsigned char, std::allocator<unsigned char> > > >::push_back(std::vector<unsigned char, std::allocator<unsigned char> > const&)
 .text._ZNSt12_Vector_baseIhSaIhEE12_Vector_implC2Ev
                0x0000000008007b6c       0x20 ./INA219/ina219.o
                0x0000000008007b6c                std::_Vector_base<unsigned char, std::allocator<unsigned char> >::_Vector_impl::_Vector_impl()
                0x0000000008007b6c                std::_Vector_base<unsigned char, std::allocator<unsigned char> >::_Vector_impl::_Vector_impl()
 .text._ZNSt6vectorIhSaIhEE9push_backEOh
                0x0000000008007b8c       0x22 ./INA219/ina219.o
                0x0000000008007b8c                std::vector<unsigned char, std::allocator<unsigned char> >::push_back(unsigned char&&)
 .text._ZNSt6vectorIhSaIhEE9push_backERKh
                0x0000000008007bae       0x4a ./INA219/ina219.o
                0x0000000008007bae                std::vector<unsigned char, std::allocator<unsigned char> >::push_back(unsigned char const&)
 .text._ZNSt6vectorIhSaIhEEC2IPhvEET_S4_RKS0_
                0x0000000008007bf8       0x3a ./INA219/ina219.o
                0x0000000008007bf8                std::vector<unsigned char, std::allocator<unsigned char> >::vector<unsigned char*, void>(unsigned char*, unsigned char*, std::allocator<unsigned char> const&)
                0x0000000008007bf8                std::vector<unsigned char, std::allocator<unsigned char> >::vector<unsigned char*, void>(unsigned char*, unsigned char*, std::allocator<unsigned char> const&)
 .text._ZNSt11_Deque_baseISt6vectorIhSaIhEESaIS2_EE11_Deque_implC2Ev
                0x0000000008007c32       0x20 ./INA219/ina219.o
                0x0000000008007c32                std::_Deque_base<std::vector<unsigned char, std::allocator<unsigned char> >, std::allocator<std::vector<unsigned char, std::allocator<unsigned char> > > >::_Deque_impl::_Deque_impl()
                0x0000000008007c32                std::_Deque_base<std::vector<unsigned char, std::allocator<unsigned char> >, std::allocator<std::vector<unsigned char, std::allocator<unsigned char> > > >::_Deque_impl::_Deque_impl()
 .text._ZNSaISt6vectorIhSaIhEEED2Ev
                0x0000000008007c52       0x18 ./INA219/ina219.o
                0x0000000008007c52                std::allocator<std::vector<unsigned char, std::allocator<unsigned char> > >::~allocator()
                0x0000000008007c52                std::allocator<std::vector<unsigned char, std::allocator<unsigned char> > >::~allocator()
 .text._ZNSt11_Deque_baseISt6vectorIhSaIhEESaIS2_EE17_M_initialize_mapEj
                0x0000000008007c6a       0xcc ./INA219/ina219.o
                0x0000000008007c6a                std::_Deque_base<std::vector<unsigned char, std::allocator<unsigned char> >, std::allocator<std::vector<unsigned char, std::allocator<unsigned char> > > >::_M_initialize_map(unsigned int)
 .text._ZNSt11_Deque_baseISt6vectorIhSaIhEESaIS2_EE16_M_destroy_nodesEPPS2_S6_
                0x0000000008007d36       0x34 ./INA219/ina219.o
                0x0000000008007d36                std::_Deque_base<std::vector<unsigned char, std::allocator<unsigned char> >, std::allocator<std::vector<unsigned char, std::allocator<unsigned char> > > >::_M_destroy_nodes(std::vector<unsigned char, std::allocator<unsigned char> >**, std::vector<unsigned char, std::allocator<unsigned char> >**)
 .text._ZNSt11_Deque_baseISt6vectorIhSaIhEESaIS2_EE17_M_deallocate_mapEPPS2_j
                0x0000000008007d6a       0x38 ./INA219/ina219.o
                0x0000000008007d6a                std::_Deque_base<std::vector<unsigned char, std::allocator<unsigned char> >, std::allocator<std::vector<unsigned char, std::allocator<unsigned char> > > >::_M_deallocate_map(std::vector<unsigned char, std::allocator<unsigned char> >**, unsigned int)
 .text._ZNSt5dequeISt6vectorIhSaIhEESaIS2_EE5beginEv
                0x0000000008007da2       0x1e ./INA219/ina219.o
                0x0000000008007da2                std::deque<std::vector<unsigned char, std::allocator<unsigned char> >, std::allocator<std::vector<unsigned char, std::allocator<unsigned char> > > >::begin()
 .text._ZNSt5dequeISt6vectorIhSaIhEESaIS2_EE3endEv
                0x0000000008007dc0       0x1e ./INA219/ina219.o
                0x0000000008007dc0                std::deque<std::vector<unsigned char, std::allocator<unsigned char> >, std::allocator<std::vector<unsigned char, std::allocator<unsigned char> > > >::end()
 .text._ZNSt5dequeISt6vectorIhSaIhEESaIS2_EE15_M_destroy_dataESt15_Deque_iteratorIS2_RS2_PS2_ES8_RKS3_
                0x0000000008007dde       0x3e ./INA219/ina219.o
                0x0000000008007dde                std::deque<std::vector<unsigned char, std::allocator<unsigned char> >, std::allocator<std::vector<unsigned char, std::allocator<unsigned char> > > >::_M_destroy_data(std::_Deque_iterator<std::vector<unsigned char, std::allocator<unsigned char> >, std::vector<unsigned char, std::allocator<unsigned char> >&, std::vector<unsigned char, std::allocator<unsigned char> >*>, std::_Deque_iterator<std::vector<unsigned char, std::allocator<unsigned char> >, std::vector<unsigned char, std::allocator<unsigned char> >&, std::vector<unsigned char, std::allocator<unsigned char> >*>, std::allocator<std::vector<unsigned char, std::allocator<unsigned char> > > const&)
 .text._ZNKSt6vectorIhSaIhEE11_M_data_ptrIhEEPT_S4_
                0x0000000008007e1c       0x16 ./INA219/ina219.o
                0x0000000008007e1c                unsigned char* std::vector<unsigned char, std::allocator<unsigned char> >::_M_data_ptr<unsigned char>(unsigned char*) const
 .text._ZN9__gnu_cxx13new_allocatorIhEC2Ev
                0x0000000008007e32       0x14 ./INA219/ina219.o
                0x0000000008007e32                __gnu_cxx::new_allocator<unsigned char>::new_allocator()
                0x0000000008007e32                __gnu_cxx::new_allocator<unsigned char>::new_allocator()
 .text._ZNSt12_Vector_baseIhSaIhEEC2ERKS0_
                0x0000000008007e46       0x1e ./INA219/ina219.o
                0x0000000008007e46                std::_Vector_base<unsigned char, std::allocator<unsigned char> >::_Vector_base(std::allocator<unsigned char> const&)
                0x0000000008007e46                std::_Vector_base<unsigned char, std::allocator<unsigned char> >::_Vector_base(std::allocator<unsigned char> const&)
 .text._ZNKSt16initializer_listIhE5beginEv
                0x0000000008007e64       0x16 ./INA219/ina219.o
                0x0000000008007e64                std::initializer_list<unsigned char>::begin() const
 .text._ZNKSt16initializer_listIhE3endEv
                0x0000000008007e7a       0x22 ./INA219/ina219.o
                0x0000000008007e7a                std::initializer_list<unsigned char>::end() const
 .text._ZNSt6vectorIhSaIhEE19_M_range_initializeIPKhEEvT_S5_St20forward_iterator_tag
                0x0000000008007e9c       0x70 ./INA219/ina219.o
                0x0000000008007e9c                void std::vector<unsigned char, std::allocator<unsigned char> >::_M_range_initialize<unsigned char const*>(unsigned char const*, unsigned char const*, std::forward_iterator_tag)
 .text._ZNSt16allocator_traitsISaISt6vectorIhSaIhEEEE9constructIS2_JRKS2_EEEvRS3_PT_DpOT0_
                0x0000000008007f0c       0x26 ./INA219/ina219.o
                0x0000000008007f0c                void std::allocator_traits<std::allocator<std::vector<unsigned char, std::allocator<unsigned char> > > >::construct<std::vector<unsigned char, std::allocator<unsigned char> >, std::vector<unsigned char, std::allocator<unsigned char> > const&>(std::allocator<std::vector<unsigned char, std::allocator<unsigned char> > >&, std::vector<unsigned char, std::allocator<unsigned char> >*, std::vector<unsigned char, std::allocator<unsigned char> > const&)
 *fill*         0x0000000008007f32        0x2 
 .text._ZNSt5dequeISt6vectorIhSaIhEESaIS2_EE16_M_push_back_auxIJRKS2_EEEvDpOT_
                0x0000000008007f34       0x88 ./INA219/ina219.o
                0x0000000008007f34                void std::deque<std::vector<unsigned char, std::allocator<unsigned char> >, std::allocator<std::vector<unsigned char, std::allocator<unsigned char> > > >::_M_push_back_aux<std::vector<unsigned char, std::allocator<unsigned char> > const&>(std::vector<unsigned char, std::allocator<unsigned char> > const&)
 .text._ZNSt12_Vector_baseIhSaIhEE17_Vector_impl_dataC2Ev
                0x0000000008007fbc       0x26 ./INA219/ina219.o
                0x0000000008007fbc                std::_Vector_base<unsigned char, std::allocator<unsigned char> >::_Vector_impl_data::_Vector_impl_data()
                0x0000000008007fbc                std::_Vector_base<unsigned char, std::allocator<unsigned char> >::_Vector_impl_data::_Vector_impl_data()
 .text._ZSt4moveIRhEONSt16remove_referenceIT_E4typeEOS2_
                0x0000000008007fe2       0x14 ./INA219/ina219.o
                0x0000000008007fe2                std::remove_reference<unsigned char&>::type&& std::move<unsigned char&>(unsigned char&)
 .text._ZNSt6vectorIhSaIhEE12emplace_backIJhEEEvDpOT_
                0x0000000008007ff6       0x5c ./INA219/ina219.o
                0x0000000008007ff6                void std::vector<unsigned char, std::allocator<unsigned char> >::emplace_back<unsigned char>(unsigned char&&)
 .text._ZNSt16allocator_traitsISaIhEE9constructIhJRKhEEEvRS0_PT_DpOT0_
                0x0000000008008052       0x26 ./INA219/ina219.o
                0x0000000008008052                void std::allocator_traits<std::allocator<unsigned char> >::construct<unsigned char, unsigned char const&>(std::allocator<unsigned char>&, unsigned char*, unsigned char const&)
 .text._ZNSt6vectorIhSaIhEE3endEv
                0x0000000008008078       0x22 ./INA219/ina219.o
                0x0000000008008078                std::vector<unsigned char, std::allocator<unsigned char> >::end()
 .text._ZNSt6vectorIhSaIhEE15_S_use_relocateEv
                0x000000000800809a       0x16 ./INA219/ina219.o
                0x000000000800809a                std::vector<unsigned char, std::allocator<unsigned char> >::_S_use_relocate()
 .text._ZNSt6vectorIhSaIhEE19_S_nothrow_relocateESt17integral_constantIbLb1EE
                0x00000000080080b0       0x14 ./INA219/ina219.o
                0x00000000080080b0                std::vector<unsigned char, std::allocator<unsigned char> >::_S_nothrow_relocate(std::integral_constant<bool, true>)
 .text._ZNSt6vectorIhSaIhEE17_M_realloc_insertIJRKhEEEvN9__gnu_cxx17__normal_iteratorIPhS1_EEDpOT_
                0x00000000080080c4      0x170 ./INA219/ina219.o
                0x00000000080080c4                void std::vector<unsigned char, std::allocator<unsigned char> >::_M_realloc_insert<unsigned char const&>(__gnu_cxx::__normal_iterator<unsigned char*, std::vector<unsigned char, std::allocator<unsigned char> > >, unsigned char const&)
 .text._ZSt19__iterator_categoryIPhENSt15iterator_traitsIT_E17iterator_categoryERKS2_
                0x0000000008008234       0x14 ./INA219/ina219.o
                0x0000000008008234                std::iterator_traits<unsigned char*>::iterator_category std::__iterator_category<unsigned char*>(unsigned char* const&)
 .text._ZNSt6vectorIhSaIhEE19_M_range_initializeIPhEEvT_S4_St20forward_iterator_tag
                0x0000000008008248       0x70 ./INA219/ina219.o
                0x0000000008008248                void std::vector<unsigned char, std::allocator<unsigned char> >::_M_range_initialize<unsigned char*>(unsigned char*, unsigned char*, std::forward_iterator_tag)
 .text._ZNSaISt6vectorIhSaIhEEEC2Ev
                0x00000000080082b8       0x18 ./INA219/ina219.o
                0x00000000080082b8                std::allocator<std::vector<unsigned char, std::allocator<unsigned char> > >::allocator()
                0x00000000080082b8                std::allocator<std::vector<unsigned char, std::allocator<unsigned char> > >::allocator()
 .text._ZNSt11_Deque_baseISt6vectorIhSaIhEESaIS2_EE16_Deque_impl_dataC2Ev
                0x00000000080082d0       0x32 ./INA219/ina219.o
                0x00000000080082d0                std::_Deque_base<std::vector<unsigned char, std::allocator<unsigned char> >, std::allocator<std::vector<unsigned char, std::allocator<unsigned char> > > >::_Deque_impl_data::_Deque_impl_data()
                0x00000000080082d0                std::_Deque_base<std::vector<unsigned char, std::allocator<unsigned char> >, std::allocator<std::vector<unsigned char, std::allocator<unsigned char> > > >::_Deque_impl_data::_Deque_impl_data()
 .text._ZN9__gnu_cxx13new_allocatorISt6vectorIhSaIhEEED2Ev
                0x0000000008008302       0x14 ./INA219/ina219.o
                0x0000000008008302                __gnu_cxx::new_allocator<std::vector<unsigned char, std::allocator<unsigned char> > >::~new_allocator()
                0x0000000008008302                __gnu_cxx::new_allocator<std::vector<unsigned char, std::allocator<unsigned char> > >::~new_allocator()
 .text._ZSt3maxIjERKT_S2_S2_
                0x0000000008008316       0x26 ./INA219/ina219.o
                0x0000000008008316                unsigned int const& std::max<unsigned int>(unsigned int const&, unsigned int const&)
 .text._ZNSt11_Deque_baseISt6vectorIhSaIhEESaIS2_EE15_M_allocate_mapEj
                0x000000000800833c       0x3a ./INA219/ina219.o
                0x000000000800833c                std::_Deque_base<std::vector<unsigned char, std::allocator<unsigned char> >, std::allocator<std::vector<unsigned char, std::allocator<unsigned char> > > >::_M_allocate_map(unsigned int)
 .text._ZNSt11_Deque_baseISt6vectorIhSaIhEESaIS2_EE15_M_create_nodesEPPS2_S6_
                0x0000000008008376       0x34 ./INA219/ina219.o
                0x0000000008008376                std::_Deque_base<std::vector<unsigned char, std::allocator<unsigned char> >, std::allocator<std::vector<unsigned char, std::allocator<unsigned char> > > >::_M_create_nodes(std::vector<unsigned char, std::allocator<unsigned char> >**, std::vector<unsigned char, std::allocator<unsigned char> >**)
 .text._ZNKSt11_Deque_baseISt6vectorIhSaIhEESaIS2_EE20_M_get_map_allocatorEv
                0x00000000080083aa       0x22 ./INA219/ina219.o
                0x00000000080083aa                std::_Deque_base<std::vector<unsigned char, std::allocator<unsigned char> >, std::allocator<std::vector<unsigned char, std::allocator<unsigned char> > > >::_M_get_map_allocator() const
 .text._ZNSaIPSt6vectorIhSaIhEEED2Ev
                0x00000000080083cc       0x18 ./INA219/ina219.o
                0x00000000080083cc                std::allocator<std::vector<unsigned char, std::allocator<unsigned char> >*>::~allocator()
                0x00000000080083cc                std::allocator<std::vector<unsigned char, std::allocator<unsigned char> >*>::~allocator()
 .text._ZNSt16allocator_traitsISaIPSt6vectorIhSaIhEEEE10deallocateERS4_PS3_j
                0x00000000080083e4       0x1e ./INA219/ina219.o
                0x00000000080083e4                std::allocator_traits<std::allocator<std::vector<unsigned char, std::allocator<unsigned char> >*> >::deallocate(std::allocator<std::vector<unsigned char, std::allocator<unsigned char> >*>&, std::vector<unsigned char, std::allocator<unsigned char> >**, unsigned int)
 .text._ZNSt5dequeISt6vectorIhSaIhEESaIS2_EE19_M_destroy_data_auxESt15_Deque_iteratorIS2_RS2_PS2_ES8_
                0x0000000008008402       0xbc ./INA219/ina219.o
                0x0000000008008402                std::deque<std::vector<unsigned char, std::allocator<unsigned char> >, std::allocator<std::vector<unsigned char, std::allocator<unsigned char> > > >::_M_destroy_data_aux(std::_Deque_iterator<std::vector<unsigned char, std::allocator<unsigned char> >, std::vector<unsigned char, std::allocator<unsigned char> >&, std::vector<unsigned char, std::allocator<unsigned char> >*>, std::_Deque_iterator<std::vector<unsigned char, std::allocator<unsigned char> >, std::vector<unsigned char, std::allocator<unsigned char> >&, std::vector<unsigned char, std::allocator<unsigned char> >*>)
 .text._ZNSt12_Vector_baseIhSaIhEE12_Vector_implC2ERKS0_
                0x00000000080084be       0x24 ./INA219/ina219.o
                0x00000000080084be                std::_Vector_base<unsigned char, std::allocator<unsigned char> >::_Vector_impl::_Vector_impl(std::allocator<unsigned char> const&)
                0x00000000080084be                std::_Vector_base<unsigned char, std::allocator<unsigned char> >::_Vector_impl::_Vector_impl(std::allocator<unsigned char> const&)
 .text._ZNKSt16initializer_listIhE4sizeEv
                0x00000000080084e2       0x16 ./INA219/ina219.o
                0x00000000080084e2                std::initializer_list<unsigned char>::size() const
 .text._ZSt8distanceIPKhENSt15iterator_traitsIT_E15difference_typeES3_S3_
                0x00000000080084f8       0x28 ./INA219/ina219.o
                0x00000000080084f8                std::iterator_traits<unsigned char const*>::difference_type std::distance<unsigned char const*>(unsigned char const*, unsigned char const*)
 .text._ZNSt6vectorIhSaIhEE17_S_check_init_lenEjRKS0_
                0x0000000008008520       0x50 ./INA219/ina219.o
                0x0000000008008520                std::vector<unsigned char, std::allocator<unsigned char> >::_S_check_init_len(unsigned int, std::allocator<unsigned char> const&)
 .text._ZNSt12_Vector_baseIhSaIhEE11_M_allocateEj
                0x0000000008008570       0x28 ./INA219/ina219.o
                0x0000000008008570                std::_Vector_base<unsigned char, std::allocator<unsigned char> >::_M_allocate(unsigned int)
 .text._ZSt22__uninitialized_copy_aIPKhPhhET0_T_S4_S3_RSaIT1_E
                0x0000000008008598       0x22 ./INA219/ina219.o
                0x0000000008008598                unsigned char* std::__uninitialized_copy_a<unsigned char const*, unsigned char*, unsigned char>(unsigned char const*, unsigned char const*, unsigned char*, std::allocator<unsigned char>&)
 .text._ZSt7forwardIRKSt6vectorIhSaIhEEEOT_RNSt16remove_referenceIS5_E4typeE
                0x00000000080085ba       0x14 ./INA219/ina219.o
                0x00000000080085ba                std::vector<unsigned char, std::allocator<unsigned char> > const& std::forward<std::vector<unsigned char, std::allocator<unsigned char> > const&>(std::remove_reference<std::vector<unsigned char, std::allocator<unsigned char> > const&>::type&)
 .text._ZN9__gnu_cxx13new_allocatorISt6vectorIhSaIhEEE9constructIS3_JRKS3_EEEvPT_DpOT0_
                0x00000000080085ce       0x30 ./INA219/ina219.o
                0x00000000080085ce                void __gnu_cxx::new_allocator<std::vector<unsigned char, std::allocator<unsigned char> > >::construct<std::vector<unsigned char, std::allocator<unsigned char> >, std::vector<unsigned char, std::allocator<unsigned char> > const&>(std::vector<unsigned char, std::allocator<unsigned char> >*, std::vector<unsigned char, std::allocator<unsigned char> > const&)
 .text._ZNKSt5dequeISt6vectorIhSaIhEESaIS2_EE8max_sizeEv
                0x00000000080085fe       0x22 ./INA219/ina219.o
                0x00000000080085fe                std::deque<std::vector<unsigned char, std::allocator<unsigned char> >, std::allocator<std::vector<unsigned char, std::allocator<unsigned char> > > >::max_size() const
 .text._ZNSt5dequeISt6vectorIhSaIhEESaIS2_EE22_M_reserve_map_at_backEj
                0x0000000008008620       0x36 ./INA219/ina219.o
                0x0000000008008620                std::deque<std::vector<unsigned char, std::allocator<unsigned char> >, std::allocator<std::vector<unsigned char, std::allocator<unsigned char> > > >::_M_reserve_map_at_back(unsigned int)
 .text._ZNSt11_Deque_baseISt6vectorIhSaIhEESaIS2_EE16_M_allocate_nodeEv
                0x0000000008008656       0x24 ./INA219/ina219.o
                0x0000000008008656                std::_Deque_base<std::vector<unsigned char, std::allocator<unsigned char> >, std::allocator<std::vector<unsigned char, std::allocator<unsigned char> > > >::_M_allocate_node()
 .text._ZSt7forwardIhEOT_RNSt16remove_referenceIS0_E4typeE
                0x000000000800867a       0x14 ./INA219/ina219.o
                0x000000000800867a                unsigned char&& std::forward<unsigned char>(std::remove_reference<unsigned char>::type&)
 .text._ZNSt16allocator_traitsISaIhEE9constructIhJhEEEvRS0_PT_DpOT0_
                0x000000000800868e       0x26 ./INA219/ina219.o
                0x000000000800868e                void std::allocator_traits<std::allocator<unsigned char> >::construct<unsigned char, unsigned char>(std::allocator<unsigned char>&, unsigned char*, unsigned char&&)
 .text._ZNSt6vectorIhSaIhEE17_M_realloc_insertIJhEEEvN9__gnu_cxx17__normal_iteratorIPhS1_EEDpOT_
                0x00000000080086b4      0x170 ./INA219/ina219.o
                0x00000000080086b4                void std::vector<unsigned char, std::allocator<unsigned char> >::_M_realloc_insert<unsigned char>(__gnu_cxx::__normal_iterator<unsigned char*, std::vector<unsigned char, std::allocator<unsigned char> > >, unsigned char&&)
 .text._ZSt7forwardIRKhEOT_RNSt16remove_referenceIS2_E4typeE
                0x0000000008008824       0x14 ./INA219/ina219.o
                0x0000000008008824                unsigned char const& std::forward<unsigned char const&>(std::remove_reference<unsigned char const&>::type&)
 .text._ZN9__gnu_cxx13new_allocatorIhE9constructIhJRKhEEEvPT_DpOT0_
                0x0000000008008838       0x2e ./INA219/ina219.o
                0x0000000008008838                void __gnu_cxx::new_allocator<unsigned char>::construct<unsigned char, unsigned char const&>(unsigned char*, unsigned char const&)
 .text._ZN9__gnu_cxx17__normal_iteratorIPhSt6vectorIhSaIhEEEC2ERKS1_
                0x0000000008008866       0x1e ./INA219/ina219.o
                0x0000000008008866                __gnu_cxx::__normal_iterator<unsigned char*, std::vector<unsigned char, std::allocator<unsigned char> > >::__normal_iterator(unsigned char* const&)
                0x0000000008008866                __gnu_cxx::__normal_iterator<unsigned char*, std::vector<unsigned char, std::allocator<unsigned char> > >::__normal_iterator(unsigned char* const&)
 .text._ZNKSt6vectorIhSaIhEE12_M_check_lenEjPKc
                0x0000000008008884       0x8e ./INA219/ina219.o
                0x0000000008008884                std::vector<unsigned char, std::allocator<unsigned char> >::_M_check_len(unsigned int, char const*) const
 .text._ZNSt6vectorIhSaIhEE5beginEv
                0x0000000008008912       0x20 ./INA219/ina219.o
                0x0000000008008912                std::vector<unsigned char, std::allocator<unsigned char> >::begin()
 .text._ZN9__gnu_cxxmiIPhSt6vectorIhSaIhEEEENS_17__normal_iteratorIT_T0_E15difference_typeERKS8_SB_
                0x0000000008008932       0x28 ./INA219/ina219.o
                0x0000000008008932                __gnu_cxx::__normal_iterator<unsigned char*, std::vector<unsigned char, std::allocator<unsigned char> > >::difference_type __gnu_cxx::operator-<unsigned char*, std::vector<unsigned char, std::allocator<unsigned char> > >(__gnu_cxx::__normal_iterator<unsigned char*, std::vector<unsigned char, std::allocator<unsigned char> > > const&, __gnu_cxx::__normal_iterator<unsigned char*, std::vector<unsigned char, std::allocator<unsigned char> > > const&)
 .text._ZNSt6vectorIhSaIhEE11_S_relocateEPhS2_S2_RS0_
                0x000000000800895a       0x28 ./INA219/ina219.o
                0x000000000800895a                std::vector<unsigned char, std::allocator<unsigned char> >::_S_relocate(unsigned char*, unsigned char*, unsigned char*, std::allocator<unsigned char>&)
 .text._ZNK9__gnu_cxx17__normal_iteratorIPhSt6vectorIhSaIhEEE4baseEv
                0x0000000008008982       0x14 ./INA219/ina219.o
                0x0000000008008982                __gnu_cxx::__normal_iterator<unsigned char*, std::vector<unsigned char, std::allocator<unsigned char> > >::base() const
 .text._ZSt34__uninitialized_move_if_noexcept_aIPhS0_SaIhEET0_T_S3_S2_RT1_
                0x0000000008008996       0x32 ./INA219/ina219.o
                0x0000000008008996                unsigned char* std::__uninitialized_move_if_noexcept_a<unsigned char*, unsigned char*, std::allocator<unsigned char> >(unsigned char*, unsigned char*, unsigned char*, std::allocator<unsigned char>&)
 .text._ZSt8distanceIPhENSt15iterator_traitsIT_E15difference_typeES2_S2_
                0x00000000080089c8       0x28 ./INA219/ina219.o
                0x00000000080089c8                std::iterator_traits<unsigned char*>::difference_type std::distance<unsigned char*>(unsigned char*, unsigned char*)
 .text._ZSt22__uninitialized_copy_aIPhS0_hET0_T_S2_S1_RSaIT1_E
                0x00000000080089f0       0x22 ./INA219/ina219.o
                0x00000000080089f0                unsigned char* std::__uninitialized_copy_a<unsigned char*, unsigned char*, unsigned char>(unsigned char*, unsigned char*, unsigned char*, std::allocator<unsigned char>&)
 .text._ZN9__gnu_cxx13new_allocatorISt6vectorIhSaIhEEEC2Ev
                0x0000000008008a12       0x14 ./INA219/ina219.o
                0x0000000008008a12                __gnu_cxx::new_allocator<std::vector<unsigned char, std::allocator<unsigned char> > >::new_allocator()
                0x0000000008008a12                __gnu_cxx::new_allocator<std::vector<unsigned char, std::allocator<unsigned char> > >::new_allocator()
 .text._ZNSt15_Deque_iteratorISt6vectorIhSaIhEERS2_PS2_EC2Ev
                0x0000000008008a26       0x2c ./INA219/ina219.o
                0x0000000008008a26                std::_Deque_iterator<std::vector<unsigned char, std::allocator<unsigned char> >, std::vector<unsigned char, std::allocator<unsigned char> >&, std::vector<unsigned char, std::allocator<unsigned char> >*>::_Deque_iterator()
                0x0000000008008a26                std::_Deque_iterator<std::vector<unsigned char, std::allocator<unsigned char> >, std::vector<unsigned char, std::allocator<unsigned char> >&, std::vector<unsigned char, std::allocator<unsigned char> >*>::_Deque_iterator()
 .text._ZNSt16allocator_traitsISaIPSt6vectorIhSaIhEEEE8allocateERS4_j
                0x0000000008008a52       0x1e ./INA219/ina219.o
                0x0000000008008a52                std::allocator_traits<std::allocator<std::vector<unsigned char, std::allocator<unsigned char> >*> >::allocate(std::allocator<std::vector<unsigned char, std::allocator<unsigned char> >*>&, unsigned int)
 .text._ZNKSt11_Deque_baseISt6vectorIhSaIhEESaIS2_EE19_M_get_Tp_allocatorEv
                0x0000000008008a70       0x14 ./INA219/ina219.o
                0x0000000008008a70                std::_Deque_base<std::vector<unsigned char, std::allocator<unsigned char> >, std::allocator<std::vector<unsigned char, std::allocator<unsigned char> > > >::_M_get_Tp_allocator() const
 .text._ZNSaIPSt6vectorIhSaIhEEEC2IS1_EERKSaIT_E
                0x0000000008008a84       0x1a ./INA219/ina219.o
                0x0000000008008a84                std::allocator<std::vector<unsigned char, std::allocator<unsigned char> >*>::allocator<std::vector<unsigned char, std::allocator<unsigned char> > >(std::allocator<std::vector<unsigned char, std::allocator<unsigned char> > > const&)
                0x0000000008008a84                std::allocator<std::vector<unsigned char, std::allocator<unsigned char> >*>::allocator<std::vector<unsigned char, std::allocator<unsigned char> > >(std::allocator<std::vector<unsigned char, std::allocator<unsigned char> > > const&)
 .text._ZN9__gnu_cxx13new_allocatorIPSt6vectorIhSaIhEEED2Ev
                0x0000000008008a9e       0x14 ./INA219/ina219.o
                0x0000000008008a9e                __gnu_cxx::new_allocator<std::vector<unsigned char, std::allocator<unsigned char> >*>::~new_allocator()
                0x0000000008008a9e                __gnu_cxx::new_allocator<std::vector<unsigned char, std::allocator<unsigned char> >*>::~new_allocator()
 .text._ZN9__gnu_cxx13new_allocatorIPSt6vectorIhSaIhEEE10deallocateEPS4_j
                0x0000000008008ab2       0x20 ./INA219/ina219.o
                0x0000000008008ab2                __gnu_cxx::new_allocator<std::vector<unsigned char, std::allocator<unsigned char> >*>::deallocate(std::vector<unsigned char, std::allocator<unsigned char> >**, unsigned int)
 .text._ZNSt5dequeISt6vectorIhSaIhEESaIS2_EE14_S_buffer_sizeEv
                0x0000000008008ad2       0x10 ./INA219/ina219.o
                0x0000000008008ad2                std::deque<std::vector<unsigned char, std::allocator<unsigned char> >, std::allocator<std::vector<unsigned char, std::allocator<unsigned char> > > >::_S_buffer_size()
 .text._ZSt8_DestroyIPSt6vectorIhSaIhEES2_EvT_S4_RSaIT0_E
                0x0000000008008ae2       0x1c ./INA219/ina219.o
                0x0000000008008ae2                void std::_Destroy<std::vector<unsigned char, std::allocator<unsigned char> >*, std::vector<unsigned char, std::allocator<unsigned char> > >(std::vector<unsigned char, std::allocator<unsigned char> >*, std::vector<unsigned char, std::allocator<unsigned char> >*, std::allocator<std::vector<unsigned char, std::allocator<unsigned char> > >&)
 .text._ZNSaIhEC2ERKS_
                0x0000000008008afe       0x1c ./INA219/ina219.o
                0x0000000008008afe                std::allocator<unsigned char>::allocator(std::allocator<unsigned char> const&)
                0x0000000008008afe                std::allocator<unsigned char>::allocator(std::allocator<unsigned char> const&)
 .text._ZSt19__iterator_categoryIPKhENSt15iterator_traitsIT_E17iterator_categoryERKS3_
                0x0000000008008b1a       0x14 ./INA219/ina219.o
                0x0000000008008b1a                std::iterator_traits<unsigned char const*>::iterator_category std::__iterator_category<unsigned char const*>(unsigned char const* const&)
 .text._ZSt10__distanceIPKhENSt15iterator_traitsIT_E15difference_typeES3_S3_St26random_access_iterator_tag
                0x0000000008008b2e       0x1c ./INA219/ina219.o
                0x0000000008008b2e                std::iterator_traits<unsigned char const*>::difference_type std::__distance<unsigned char const*>(unsigned char const*, unsigned char const*, std::random_access_iterator_tag)
 .text._ZNSt6vectorIhSaIhEE11_S_max_sizeERKS0_
                0x0000000008008b4a       0x34 ./INA219/ina219.o
                0x0000000008008b4a                std::vector<unsigned char, std::allocator<unsigned char> >::_S_max_size(std::allocator<unsigned char> const&)
 .text._ZNSt16allocator_traitsISaIhEE8allocateERS0_j
                0x0000000008008b7e       0x1e ./INA219/ina219.o
                0x0000000008008b7e                std::allocator_traits<std::allocator<unsigned char> >::allocate(std::allocator<unsigned char>&, unsigned int)
 .text._ZSt18uninitialized_copyIPKhPhET0_T_S4_S3_
                0x0000000008008b9c       0x24 ./INA219/ina219.o
                0x0000000008008b9c                unsigned char* std::uninitialized_copy<unsigned char const*, unsigned char*>(unsigned char const*, unsigned char const*, unsigned char*)
 .text._ZNSt6vectorIhSaIhEEC2ERKS1_
                0x0000000008008bc0       0x7a ./INA219/ina219.o
                0x0000000008008bc0                std::vector<unsigned char, std::allocator<unsigned char> >::vector(std::vector<unsigned char, std::allocator<unsigned char> > const&)
                0x0000000008008bc0                std::vector<unsigned char, std::allocator<unsigned char> >::vector(std::vector<unsigned char, std::allocator<unsigned char> > const&)
 .text._ZNSt5dequeISt6vectorIhSaIhEESaIS2_EE11_S_max_sizeERKS3_
                0x0000000008008c3a       0x34 ./INA219/ina219.o
                0x0000000008008c3a                std::deque<std::vector<unsigned char, std::allocator<unsigned char> >, std::allocator<std::vector<unsigned char, std::allocator<unsigned char> > > >::_S_max_size(std::allocator<std::vector<unsigned char, std::allocator<unsigned char> > > const&)
 .text._ZNSt5dequeISt6vectorIhSaIhEESaIS2_EE17_M_reallocate_mapEjb
                0x0000000008008c6e      0x134 ./INA219/ina219.o
                0x0000000008008c6e                std::deque<std::vector<unsigned char, std::allocator<unsigned char> >, std::allocator<std::vector<unsigned char, std::allocator<unsigned char> > > >::_M_reallocate_map(unsigned int, bool)
 .text._ZNSt16allocator_traitsISaISt6vectorIhSaIhEEEE8allocateERS3_j
                0x0000000008008da2       0x1e ./INA219/ina219.o
                0x0000000008008da2                std::allocator_traits<std::allocator<std::vector<unsigned char, std::allocator<unsigned char> > > >::allocate(std::allocator<std::vector<unsigned char, std::allocator<unsigned char> > >&, unsigned int)
 .text._ZN9__gnu_cxx13new_allocatorIhE9constructIhJhEEEvPT_DpOT0_
                0x0000000008008dc0       0x2e ./INA219/ina219.o
                0x0000000008008dc0                void __gnu_cxx::new_allocator<unsigned char>::construct<unsigned char, unsigned char>(unsigned char*, unsigned char&&)
 .text._ZNKSt6vectorIhSaIhEE8max_sizeEv
                0x0000000008008dee       0x22 ./INA219/ina219.o
                0x0000000008008dee                std::vector<unsigned char, std::allocator<unsigned char> >::max_size() const
 .text._ZNKSt6vectorIhSaIhEE4sizeEv
                0x0000000008008e10       0x1c ./INA219/ina219.o
                0x0000000008008e10                std::vector<unsigned char, std::allocator<unsigned char> >::size() const
 .text._ZNSt6vectorIhSaIhEE14_S_do_relocateEPhS2_S2_RS0_St17integral_constantIbLb1EE
                0x0000000008008e2c       0x24 ./INA219/ina219.o
                0x0000000008008e2c                std::vector<unsigned char, std::allocator<unsigned char> >::_S_do_relocate(unsigned char*, unsigned char*, unsigned char*, std::allocator<unsigned char>&, std::integral_constant<bool, true>)
 .text._ZSt32__make_move_if_noexcept_iteratorIhSt13move_iteratorIPhEET0_PT_
                0x0000000008008e50       0x1e ./INA219/ina219.o
                0x0000000008008e50                std::move_iterator<unsigned char*> std::__make_move_if_noexcept_iterator<unsigned char, std::move_iterator<unsigned char*> >(unsigned char*)
 .text._ZSt22__uninitialized_copy_aISt13move_iteratorIPhES1_hET0_T_S4_S3_RSaIT1_E
                0x0000000008008e6e       0x22 ./INA219/ina219.o
                0x0000000008008e6e                unsigned char* std::__uninitialized_copy_a<std::move_iterator<unsigned char*>, unsigned char*, unsigned char>(std::move_iterator<unsigned char*>, std::move_iterator<unsigned char*>, unsigned char*, std::allocator<unsigned char>&)
 .text._ZSt10__distanceIPhENSt15iterator_traitsIT_E15difference_typeES2_S2_St26random_access_iterator_tag
                0x0000000008008e90       0x1c ./INA219/ina219.o
                0x0000000008008e90                std::iterator_traits<unsigned char*>::difference_type std::__distance<unsigned char*>(unsigned char*, unsigned char*, std::random_access_iterator_tag)
 .text._ZSt18uninitialized_copyIPhS0_ET0_T_S2_S1_
                0x0000000008008eac       0x24 ./INA219/ina219.o
                0x0000000008008eac                unsigned char* std::uninitialized_copy<unsigned char*, unsigned char*>(unsigned char*, unsigned char*, unsigned char*)
 .text._ZN9__gnu_cxx13new_allocatorIPSt6vectorIhSaIhEEE8allocateEjPKv
                0x0000000008008ed0       0x3c ./INA219/ina219.o
                0x0000000008008ed0                __gnu_cxx::new_allocator<std::vector<unsigned char, std::allocator<unsigned char> >*>::allocate(unsigned int, void const*)
 .text._ZN9__gnu_cxx13new_allocatorIPSt6vectorIhSaIhEEEC2Ev
                0x0000000008008f0c       0x14 ./INA219/ina219.o
                0x0000000008008f0c                __gnu_cxx::new_allocator<std::vector<unsigned char, std::allocator<unsigned char> >*>::new_allocator()
                0x0000000008008f0c                __gnu_cxx::new_allocator<std::vector<unsigned char, std::allocator<unsigned char> >*>::new_allocator()
 .text._ZSt8_DestroyIPSt6vectorIhSaIhEEEvT_S4_
                0x0000000008008f20       0x1a ./INA219/ina219.o
                0x0000000008008f20                void std::_Destroy<std::vector<unsigned char, std::allocator<unsigned char> >*>(std::vector<unsigned char, std::allocator<unsigned char> >*, std::vector<unsigned char, std::allocator<unsigned char> >*)
 .text._ZN9__gnu_cxx13new_allocatorIhEC2ERKS1_
                0x0000000008008f3a       0x16 ./INA219/ina219.o
                0x0000000008008f3a                __gnu_cxx::new_allocator<unsigned char>::new_allocator(__gnu_cxx::new_allocator<unsigned char> const&)
                0x0000000008008f3a                __gnu_cxx::new_allocator<unsigned char>::new_allocator(__gnu_cxx::new_allocator<unsigned char> const&)
 .text._ZNSt16allocator_traitsISaIhEE8max_sizeERKS0_